---
source: tests/snapshot_tests.rs
assertion_line: 44
expression: "(minions, recording)"
---
- ? idx: 1
    version: 1
  : Golden Tunnel Blaster
  ? idx: 2
    version: 1
  : Golden Amalgadon
  ? idx: 3
    version: 1
  : Foe Reaper 4000
  ? idx: 4
    version: 1
  : Golden Mechano-Egg
  ? idx: 5
    version: 1
  : Golden Daggerspine Thrasher
  ? idx: 6
    version: 1
  : Interrogator Whitemane
  ? idx: 7
    version: 1
  : Golden Kaboom Bot
  ? idx: 8
    version: 1
  : Fiery Imp
  ? idx: 9
    version: 1
  : Eternal Knight
  ? idx: 10
    version: 1
  : "Golden Surf n' Surf"
  ? idx: 11
    version: 1
  : Golden Pashmar the Vengeful
  ? idx: 12
    version: 1
  : Vigilant Stoneborn
  ? idx: 13
    version: 1
  : Thorncaller
  ? idx: 14
    version: 1
  : Thorncaptain
- - ProposeAttack:
      attacker:
        idx: 1
        version: 1
      defender:
        idx: 14
        version: 1
      is_outer_phase: true
  - DeathCheck: ~
  - Attack:
      attacker:
        idx: 1
        version: 1
      defender:
        idx: 14
        version: 1
      is_outer_phase: true
  - TakeDamage:
      target:
        idx: 14
        version: 1
      amount: 6
      source:
        idx: 1
        version: 1
  - TakeDamage:
      target:
        idx: 1
        version: 1
      amount: 4
      source:
        idx: 14
        version: 1
  - ActivateEffect:
      generic_associated_event_handler:
        Attack:
          event:
            attacker:
              idx: 1
              version: 1
            defender:
              idx: 14
              version: 1
            is_outer_phase: true
          ass_handler:
            minion:
              idx: 3
              version: 1
  - DeathCheck: ~
  - Death:
      minion:
        idx: 14
        version: 1
      source:
        idx: 4294967295
        version: 1
  - Remove:
      minion:
        idx: 14
        version: 1
  - ActivateEffect:
      generic_associated_event_handler:
        Death:
          event:
            minion:
              idx: 14
              version: 1
            source:
              idx: 4294967295
              version: 1
          ass_handler:
            minion:
              idx: 7
              version: 1
  - ActivateEffect:
      generic_associated_event_handler:
        Death:
          event:
            minion:
              idx: 14
              version: 1
            source:
              idx: 4294967295
              version: 1
          ass_handler:
            minion:
              idx: 7
              version: 1
  - AfterAttack:
      attacker:
        idx: 1
        version: 1
      defender:
        idx: 14
        version: 1
      is_outer_phase: true
  - DeathCheck: ~
  - ProposeAttack:
      attacker:
        idx: 2
        version: 1
      defender:
        idx: 1
        version: 1
      is_outer_phase: true
  - DeathCheck: ~
  - Attack:
      attacker:
        idx: 2
        version: 1
      defender:
        idx: 1
        version: 1
      is_outer_phase: true
  - TakeDamage:
      target:
        idx: 1
        version: 1
      amount: 12
      source:
        idx: 2
        version: 1
  - TakeDamage:
      target:
        idx: 2
        version: 1
      amount: 6
      source:
        idx: 1
        version: 1
  - ActivateEffect:
      generic_associated_event_handler:
        Attack:
          event:
            attacker:
              idx: 2
              version: 1
            defender:
              idx: 1
              version: 1
            is_outer_phase: true
          ass_handler:
            minion:
              idx: 3
              version: 1
  - DeathCheck: ~
  - Death:
      minion:
        idx: 1
        version: 1
      source:
        idx: 4294967295
        version: 1
  - Remove:
      minion:
        idx: 1
        version: 1
  - ActivateEffect:
      generic_associated_event_handler:
        Death:
          event:
            minion:
              idx: 1
              version: 1
            source:
              idx: 4294967295
              version: 1
          ass_handler:
            minion:
              idx: 7
              version: 1
  - ActivateEffect:
      generic_associated_event_handler:
        Death:
          event:
            minion:
              idx: 1
              version: 1
            source:
              idx: 4294967295
              version: 1
          ass_handler:
            minion:
              idx: 7
              version: 1
  - AfterAttack:
      attacker:
        idx: 2
        version: 1
      defender:
        idx: 1
        version: 1
      is_outer_phase: true
  - DeathCheck: ~
  - ProposeAttack:
      attacker:
        idx: 3
        version: 1
      defender:
        idx: 8
        version: 1
      is_outer_phase: true
  - DeathCheck: ~
  - Attack:
      attacker:
        idx: 3
        version: 1
      defender:
        idx: 8
        version: 1
      is_outer_phase: true
  - TakeDamage:
      target:
        idx: 8
        version: 1
      amount: 6
      source:
        idx: 3
        version: 1
  - TakeDamage:
      target:
        idx: 3
        version: 1
      amount: 3
      source:
        idx: 8
        version: 1
  - ActivateEffect:
      generic_associated_event_handler:
        Attack:
          event:
            attacker:
              idx: 3
              version: 1
            defender:
              idx: 8
              version: 1
            is_outer_phase: true
          ass_handler:
            minion:
              idx: 3
              version: 1
  - TakeDamage:
      target:
        idx: 10
        version: 1
      amount: 6
      source:
        idx: 3
        version: 1
  - TakeDamage:
      target:
        idx: 6
        version: 1
      amount: 6
      source:
        idx: 3
        version: 1
  - DeathCheck: ~
  - Death:
      minion:
        idx: 10
        version: 1
      source:
        idx: 4294967295
        version: 1
  - Remove:
      minion:
        idx: 10
        version: 1
  - ActivateEffect:
      generic_associated_event_handler:
        Death:
          event:
            minion:
              idx: 10
              version: 1
            source:
              idx: 4294967295
              version: 1
          ass_handler:
            minion:
              idx: 7
              version: 1
  - ActivateEffect:
      generic_associated_event_handler:
        Death:
          event:
            minion:
              idx: 10
              version: 1
            source:
              idx: 4294967295
              version: 1
          ass_handler:
            minion:
              idx: 7
              version: 1
  - Death:
      minion:
        idx: 8
        version: 1
      source:
        idx: 4294967295
        version: 1
  - Remove:
      minion:
        idx: 8
        version: 1
  - ActivateEffect:
      generic_associated_event_handler:
        Death:
          event:
            minion:
              idx: 8
              version: 1
            source:
              idx: 4294967295
              version: 1
          ass_handler:
            minion:
              idx: 7
              version: 1
  - ActivateEffect:
      generic_associated_event_handler:
        Death:
          event:
            minion:
              idx: 8
              version: 1
            source:
              idx: 4294967295
              version: 1
          ass_handler:
            minion:
              idx: 7
              version: 1
  - Death:
      minion:
        idx: 6
        version: 1
      source:
        idx: 4294967295
        version: 1
  - Remove:
      minion:
        idx: 6
        version: 1
  - ActivateEffect:
      generic_associated_event_handler:
        Death:
          event:
            minion:
              idx: 6
              version: 1
            source:
              idx: 4294967295
              version: 1
          ass_handler:
            minion:
              idx: 7
              version: 1
  - ActivateEffect:
      generic_associated_event_handler:
        Death:
          event:
            minion:
              idx: 6
              version: 1
            source:
              idx: 4294967295
              version: 1
          ass_handler:
            minion:
              idx: 7
              version: 1
  - AfterAttack:
      attacker:
        idx: 3
        version: 1
      defender:
        idx: 8
        version: 1
      is_outer_phase: true
  - DeathCheck: ~
  - ProposeAttack:
      attacker:
        idx: 12
        version: 1
      defender:
        idx: 13
        version: 1
      is_outer_phase: true
  - DeathCheck: ~
  - Attack:
      attacker:
        idx: 12
        version: 1
      defender:
        idx: 13
        version: 1
      is_outer_phase: true
  - TakeDamage:
      target:
        idx: 13
        version: 1
      amount: 2
      source:
        idx: 12
        version: 1
  - TakeDamage:
      target:
        idx: 12
        version: 1
      amount: 3
      source:
        idx: 13
        version: 1
  - ActivateEffect:
      generic_associated_event_handler:
        Attack:
          event:
            attacker:
              idx: 12
              version: 1
            defender:
              idx: 13
              version: 1
            is_outer_phase: true
          ass_handler:
            minion:
              idx: 3
              version: 1
  - DeathCheck: ~
  - Death:
      minion:
        idx: 13
        version: 1
      source:
        idx: 4294967295
        version: 1
  - Remove:
      minion:
        idx: 13
        version: 1
  - ActivateEffect:
      generic_associated_event_handler:
        Death:
          event:
            minion:
              idx: 13
              version: 1
            source:
              idx: 4294967295
              version: 1
          ass_handler:
            minion:
              idx: 7
              version: 1
  - ActivateEffect:
      generic_associated_event_handler:
        Death:
          event:
            minion:
              idx: 13
              version: 1
            source:
              idx: 4294967295
              version: 1
          ass_handler:
            minion:
              idx: 7
              version: 1
  - AfterAttack:
      attacker:
        idx: 12
        version: 1
      defender:
        idx: 13
        version: 1
      is_outer_phase: true
  - DeathCheck: ~
  - ProposeAttack:
      attacker:
        idx: 5
        version: 1
      defender:
        idx: 2
        version: 1
      is_outer_phase: true
  - DeathCheck: ~
  - Attack:
      attacker:
        idx: 5
        version: 1
      defender:
        idx: 2
        version: 1
      is_outer_phase: true
  - TakeDamage:
      target:
        idx: 2
        version: 1
      amount: 6
      source:
        idx: 5
        version: 1
  - TakeDamage:
      target:
        idx: 5
        version: 1
      amount: 12
      source:
        idx: 2
        version: 1
  - ActivateEffect:
      generic_associated_event_handler:
        Attack:
          event:
            attacker:
              idx: 5
              version: 1
            defender:
              idx: 2
              version: 1
            is_outer_phase: true
          ass_handler:
            minion:
              idx: 3
              version: 1
  - DeathCheck: ~
  - Death:
      minion:
        idx: 2
        version: 1
      source:
        idx: 4294967295
        version: 1
  - Remove:
      minion:
        idx: 2
        version: 1
  - ActivateEffect:
      generic_associated_event_handler:
        Death:
          event:
            minion:
              idx: 2
              version: 1
            source:
              idx: 4294967295
              version: 1
          ass_handler:
            minion:
              idx: 7
              version: 1
  - ActivateEffect:
      generic_associated_event_handler:
        Death:
          event:
            minion:
              idx: 2
              version: 1
            source:
              idx: 4294967295
              version: 1
          ass_handler:
            minion:
              idx: 7
              version: 1
  - Death:
      minion:
        idx: 5
        version: 1
      source:
        idx: 4294967295
        version: 1
  - Remove:
      minion:
        idx: 5
        version: 1
  - ActivateEffect:
      generic_associated_event_handler:
        Death:
          event:
            minion:
              idx: 5
              version: 1
            source:
              idx: 4294967295
              version: 1
          ass_handler:
            minion:
              idx: 7
              version: 1
  - ActivateEffect:
      generic_associated_event_handler:
        Death:
          event:
            minion:
              idx: 5
              version: 1
            source:
              idx: 4294967295
              version: 1
          ass_handler:
            minion:
              idx: 7
              version: 1
  - AfterAttack:
      attacker:
        idx: 5
        version: 1
      defender:
        idx: 2
        version: 1
      is_outer_phase: true
  - DeathCheck: ~
  - ProposeAttack:
      attacker:
        idx: 12
        version: 1
      defender:
        idx: 11
        version: 1
      is_outer_phase: true
  - DeathCheck: ~
  - Attack:
      attacker:
        idx: 12
        version: 1
      defender:
        idx: 11
        version: 1
      is_outer_phase: true
  - TakeDamage:
      target:
        idx: 11
        version: 1
      amount: 2
      source:
        idx: 12
        version: 1
  - TakeDamage:
      target:
        idx: 12
        version: 1
      amount: 8
      source:
        idx: 11
        version: 1
  - ActivateEffect:
      generic_associated_event_handler:
        Attack:
          event:
            attacker:
              idx: 12
              version: 1
            defender:
              idx: 11
              version: 1
            is_outer_phase: true
          ass_handler:
            minion:
              idx: 3
              version: 1
  - DeathCheck: ~
  - Death:
      minion:
        idx: 12
        version: 1
      source:
        idx: 4294967295
        version: 1
  - Remove:
      minion:
        idx: 12
        version: 1
  - ActivateEffect:
      generic_associated_event_handler:
        Death:
          event:
            minion:
              idx: 12
              version: 1
            source:
              idx: 4294967295
              version: 1
          ass_handler:
            minion:
              idx: 7
              version: 1
  - ActivateEffect:
      generic_associated_event_handler:
        Death:
          event:
            minion:
              idx: 12
              version: 1
            source:
              idx: 4294967295
              version: 1
          ass_handler:
            minion:
              idx: 7
              version: 1
  - AfterAttack:
      attacker:
        idx: 12
        version: 1
      defender:
        idx: 11
        version: 1
      is_outer_phase: true
  - DeathCheck: ~
  - ProposeAttack:
      attacker:
        idx: 7
        version: 1
      defender:
        idx: 4
        version: 1
      is_outer_phase: true
  - DeathCheck: ~
  - Attack:
      attacker:
        idx: 7
        version: 1
      defender:
        idx: 4
        version: 1
      is_outer_phase: true
  - TakeDamage:
      target:
        idx: 4
        version: 1
      amount: 4
      source:
        idx: 7
        version: 1
  - ActivateEffect:
      generic_associated_event_handler:
        Attack:
          event:
            attacker:
              idx: 7
              version: 1
            defender:
              idx: 4
              version: 1
            is_outer_phase: true
          ass_handler:
            minion:
              idx: 3
              version: 1
  - DeathCheck: ~
  - AfterAttack:
      attacker:
        idx: 7
        version: 1
      defender:
        idx: 4
        version: 1
      is_outer_phase: true
  - DeathCheck: ~
  - ProposeAttack:
      attacker:
        idx: 9
        version: 1
      defender:
        idx: 4
        version: 1
      is_outer_phase: true
  - DeathCheck: ~
  - Attack:
      attacker:
        idx: 9
        version: 1
      defender:
        idx: 4
        version: 1
      is_outer_phase: true
  - TakeDamage:
      target:
        idx: 4
        version: 1
      amount: 4
      source:
        idx: 9
        version: 1
  - ActivateEffect:
      generic_associated_event_handler:
        Attack:
          event:
            attacker:
              idx: 9
              version: 1
            defender:
              idx: 4
              version: 1
            is_outer_phase: true
          ass_handler:
            minion:
              idx: 3
              version: 1
  - DeathCheck: ~
  - AfterAttack:
      attacker:
        idx: 9
        version: 1
      defender:
        idx: 4
        version: 1
      is_outer_phase: true
  - DeathCheck: ~
  - ProposeAttack:
      attacker:
        idx: 11
        version: 1
      defender:
        idx: 4
        version: 1
      is_outer_phase: true
  - DeathCheck: ~
  - Attack:
      attacker:
        idx: 11
        version: 1
      defender:
        idx: 4
        version: 1
      is_outer_phase: true
  - TakeDamage:
      target:
        idx: 4
        version: 1
      amount: 8
      source:
        idx: 11
        version: 1
  - ActivateEffect:
      generic_associated_event_handler:
        Attack:
          event:
            attacker:
              idx: 11
              version: 1
            defender:
              idx: 4
              version: 1
            is_outer_phase: true
          ass_handler:
            minion:
              idx: 3
              version: 1
  - DeathCheck: ~
  - Death:
      minion:
        idx: 4
        version: 1
      source:
        idx: 4294967295
        version: 1
  - Remove:
      minion:
        idx: 4
        version: 1
  - ActivateEffect:
      generic_associated_event_handler:
        Death:
          event:
            minion:
              idx: 4
              version: 1
            source:
              idx: 4294967295
              version: 1
          ass_handler:
            minion:
              idx: 7
              version: 1
  - ActivateEffect:
      generic_associated_event_handler:
        Death:
          event:
            minion:
              idx: 4
              version: 1
            source:
              idx: 4294967295
              version: 1
          ass_handler:
            minion:
              idx: 7
              version: 1
  - AfterAttack:
      attacker:
        idx: 11
        version: 1
      defender:
        idx: 4
        version: 1
      is_outer_phase: true
  - DeathCheck: ~
  - End: BottomWin

