---
source: tests/snapshot_tests.rs
expression: "(minions, recording)"
---
- ? idx: 1
    version: 1
  : Silent Swimmer
  ? idx: 2
    version: 1
  : Golden Seafood Slinger
  ? idx: 3
    version: 1
  : Golden Water Droplet
  ? idx: 4
    version: 1
  : "Golden Prestor's Pyrospawn"
  ? idx: 5
    version: 1
  : Golden Tony Two-Tusk
  ? idx: 6
    version: 1
  : Golden Vigilant Stoneborn
  ? idx: 7
    version: 1
  : Majordomo Executus
  ? idx: 8
    version: 1
  : Lava Lurker
  ? idx: 9
    version: 1
  : Golden Deep-Sea Angler
  ? idx: 10
    version: 1
  : Golden Stormbringer
  ? idx: 11
    version: 1
  : Evolving Chromawing
  ? idx: 12
    version: 1
  : Golden Scarlet Skull
  ? idx: 13
    version: 1
  : Golden Radio Star
  ? idx: 14
    version: 1
  : Golden Mechorse
- - AuraUpdate: ~
  - DeathCheck: ~
  - ProposeAttack:
      attacker:
        idx: 1
        version: 1
      defender:
        idx: 14
        version: 1
      is_outer_phase: true
  - AuraUpdate: ~
  - DeathCheck: ~
  - Attack:
      attacker:
        idx: 1
        version: 1
      defender:
        idx: 14
        version: 1
      is_outer_phase: true
  - TakeDamage:
      target:
        idx: 14
        version: 1
      amount: 5
      source:
        idx: 1
        version: 1
  - TakeDamage:
      target:
        idx: 1
        version: 1
      amount: 4
      source:
        idx: 14
        version: 1
  - AuraUpdate: ~
  - DeathCheck: ~
  - Death:
      minion:
        idx: 14
        version: 1
      source:
        idx: 4294967295
        version: 1
  - Remove:
      minion:
        idx: 14
        version: 1
  - Death:
      minion:
        idx: 1
        version: 1
      source:
        idx: 4294967295
        version: 1
  - Remove:
      minion:
        idx: 1
        version: 1
  - AfterAttack:
      attacker:
        idx: 1
        version: 1
      defender:
        idx: 14
        version: 1
      is_outer_phase: true
  - AuraUpdate: ~
  - DeathCheck: ~
  - ProposeAttack:
      attacker:
        idx: 2
        version: 1
      defender:
        idx: 7
        version: 1
      is_outer_phase: true
  - AuraUpdate: ~
  - DeathCheck: ~
  - Attack:
      attacker:
        idx: 2
        version: 1
      defender:
        idx: 7
        version: 1
      is_outer_phase: true
  - TakeDamage:
      target:
        idx: 7
        version: 1
      amount: 10
      source:
        idx: 2
        version: 1
  - TakeDamage:
      target:
        idx: 2
        version: 1
      amount: 6
      source:
        idx: 7
        version: 1
  - AuraUpdate: ~
  - DeathCheck: ~
  - Death:
      minion:
        idx: 7
        version: 1
      source:
        idx: 4294967295
        version: 1
  - Remove:
      minion:
        idx: 7
        version: 1
  - AfterAttack:
      attacker:
        idx: 2
        version: 1
      defender:
        idx: 7
        version: 1
      is_outer_phase: true
  - AuraUpdate: ~
  - DeathCheck: ~
  - ProposeAttack:
      attacker:
        idx: 3
        version: 1
      defender:
        idx: 4
        version: 1
      is_outer_phase: true
  - AuraUpdate: ~
  - DeathCheck: ~
  - Attack:
      attacker:
        idx: 3
        version: 1
      defender:
        idx: 4
        version: 1
      is_outer_phase: true
  - TakeDamage:
      target:
        idx: 4
        version: 1
      amount: 4
      source:
        idx: 3
        version: 1
  - TakeDamage:
      target:
        idx: 3
        version: 1
      amount: 6
      source:
        idx: 4
        version: 1
  - AuraUpdate: ~
  - DeathCheck: ~
  - Death:
      minion:
        idx: 3
        version: 1
      source:
        idx: 4294967295
        version: 1
  - Remove:
      minion:
        idx: 3
        version: 1
  - AfterAttack:
      attacker:
        idx: 3
        version: 1
      defender:
        idx: 4
        version: 1
      is_outer_phase: true
  - AuraUpdate: ~
  - DeathCheck: ~
  - ProposeAttack:
      attacker:
        idx: 4
        version: 1
      defender:
        idx: 13
        version: 1
      is_outer_phase: true
  - AuraUpdate: ~
  - DeathCheck: ~
  - Attack:
      attacker:
        idx: 4
        version: 1
      defender:
        idx: 13
        version: 1
      is_outer_phase: true
  - TakeDamage:
      target:
        idx: 13
        version: 1
      amount: 6
      source:
        idx: 4
        version: 1
  - TakeDamage:
      target:
        idx: 4
        version: 1
      amount: 2
      source:
        idx: 13
        version: 1
  - AuraUpdate: ~
  - DeathCheck: ~
  - Death:
      minion:
        idx: 13
        version: 1
      source:
        idx: 4294967295
        version: 1
  - Remove:
      minion:
        idx: 13
        version: 1
  - AfterAttack:
      attacker:
        idx: 4
        version: 1
      defender:
        idx: 13
        version: 1
      is_outer_phase: true
  - AuraUpdate: ~
  - DeathCheck: ~
  - ProposeAttack:
      attacker:
        idx: 5
        version: 1
      defender:
        idx: 10
        version: 1
      is_outer_phase: true
  - AuraUpdate: ~
  - DeathCheck: ~
  - Attack:
      attacker:
        idx: 5
        version: 1
      defender:
        idx: 10
        version: 1
      is_outer_phase: true
  - TakeDamage:
      target:
        idx: 10
        version: 1
      amount: 8
      source:
        idx: 5
        version: 1
  - TakeDamage:
      target:
        idx: 5
        version: 1
      amount: 2
      source:
        idx: 10
        version: 1
  - AuraUpdate: ~
  - DeathCheck: ~
  - AfterAttack:
      attacker:
        idx: 5
        version: 1
      defender:
        idx: 10
        version: 1
      is_outer_phase: true
  - AuraUpdate: ~
  - DeathCheck: ~
  - ProposeAttack:
      attacker:
        idx: 6
        version: 1
      defender:
        idx: 5
        version: 1
      is_outer_phase: true
  - AuraUpdate: ~
  - DeathCheck: ~
  - Attack:
      attacker:
        idx: 6
        version: 1
      defender:
        idx: 5
        version: 1
      is_outer_phase: true
  - TakeDamage:
      target:
        idx: 5
        version: 1
      amount: 4
      source:
        idx: 6
        version: 1
  - TakeDamage:
      target:
        idx: 6
        version: 1
      amount: 8
      source:
        idx: 5
        version: 1
  - AuraUpdate: ~
  - DeathCheck: ~
  - AfterAttack:
      attacker:
        idx: 6
        version: 1
      defender:
        idx: 5
        version: 1
      is_outer_phase: true
  - AuraUpdate: ~
  - DeathCheck: ~
  - ProposeAttack:
      attacker:
        idx: 9
        version: 1
      defender:
        idx: 8
        version: 1
      is_outer_phase: true
  - AuraUpdate: ~
  - DeathCheck: ~
  - Attack:
      attacker:
        idx: 9
        version: 1
      defender:
        idx: 8
        version: 1
      is_outer_phase: true
  - TakeDamage:
      target:
        idx: 8
        version: 1
      amount: 4
      source:
        idx: 9
        version: 1
  - TakeDamage:
      target:
        idx: 9
        version: 1
      amount: 2
      source:
        idx: 8
        version: 1
  - AuraUpdate: ~
  - DeathCheck: ~
  - AfterAttack:
      attacker:
        idx: 9
        version: 1
      defender:
        idx: 8
        version: 1
      is_outer_phase: true
  - AuraUpdate: ~
  - DeathCheck: ~
  - ProposeAttack:
      attacker:
        idx: 8
        version: 1
      defender:
        idx: 5
        version: 1
      is_outer_phase: true
  - AuraUpdate: ~
  - DeathCheck: ~
  - Attack:
      attacker:
        idx: 8
        version: 1
      defender:
        idx: 5
        version: 1
      is_outer_phase: true
  - TakeDamage:
      target:
        idx: 5
        version: 1
      amount: 2
      source:
        idx: 8
        version: 1
  - TakeDamage:
      target:
        idx: 8
        version: 1
      amount: 8
      source:
        idx: 5
        version: 1
  - AuraUpdate: ~
  - DeathCheck: ~
  - Death:
      minion:
        idx: 8
        version: 1
      source:
        idx: 4294967295
        version: 1
  - Remove:
      minion:
        idx: 8
        version: 1
  - AfterAttack:
      attacker:
        idx: 8
        version: 1
      defender:
        idx: 5
        version: 1
      is_outer_phase: true
  - AuraUpdate: ~
  - DeathCheck: ~
  - ProposeAttack:
      attacker:
        idx: 11
        version: 1
      defender:
        idx: 6
        version: 1
      is_outer_phase: true
  - AuraUpdate: ~
  - DeathCheck: ~
  - Attack:
      attacker:
        idx: 11
        version: 1
      defender:
        idx: 6
        version: 1
      is_outer_phase: true
  - TakeDamage:
      target:
        idx: 6
        version: 1
      amount: 1
      source:
        idx: 11
        version: 1
  - TakeDamage:
      target:
        idx: 11
        version: 1
      amount: 4
      source:
        idx: 6
        version: 1
  - AuraUpdate: ~
  - DeathCheck: ~
  - Death:
      minion:
        idx: 11
        version: 1
      source:
        idx: 4294967295
        version: 1
  - Remove:
      minion:
        idx: 11
        version: 1
  - AfterAttack:
      attacker:
        idx: 11
        version: 1
      defender:
        idx: 6
        version: 1
      is_outer_phase: true
  - AuraUpdate: ~
  - DeathCheck: ~
  - ProposeAttack:
      attacker:
        idx: 10
        version: 1
      defender:
        idx: 9
        version: 1
      is_outer_phase: true
  - AuraUpdate: ~
  - DeathCheck: ~
  - Attack:
      attacker:
        idx: 10
        version: 1
      defender:
        idx: 9
        version: 1
      is_outer_phase: true
  - TakeDamage:
      target:
        idx: 9
        version: 1
      amount: 2
      source:
        idx: 10
        version: 1
  - TakeDamage:
      target:
        idx: 10
        version: 1
      amount: 4
      source:
        idx: 9
        version: 1
  - AuraUpdate: ~
  - DeathCheck: ~
  - Death:
      minion:
        idx: 9
        version: 1
      source:
        idx: 4294967295
        version: 1
  - Remove:
      minion:
        idx: 9
        version: 1
  - AfterAttack:
      attacker:
        idx: 10
        version: 1
      defender:
        idx: 9
        version: 1
      is_outer_phase: true
  - AuraUpdate: ~
  - DeathCheck: ~
  - ProposeAttack:
      attacker:
        idx: 5
        version: 1
      defender:
        idx: 6
        version: 1
      is_outer_phase: true
  - AuraUpdate: ~
  - DeathCheck: ~
  - Attack:
      attacker:
        idx: 5
        version: 1
      defender:
        idx: 6
        version: 1
      is_outer_phase: true
  - TakeDamage:
      target:
        idx: 6
        version: 1
      amount: 8
      source:
        idx: 5
        version: 1
  - TakeDamage:
      target:
        idx: 5
        version: 1
      amount: 4
      source:
        idx: 6
        version: 1
  - AuraUpdate: ~
  - DeathCheck: ~
  - Death:
      minion:
        idx: 6
        version: 1
      source:
        idx: 4294967295
        version: 1
  - Remove:
      minion:
        idx: 6
        version: 1
  - Death:
      minion:
        idx: 5
        version: 1
      source:
        idx: 4294967295
        version: 1
  - Remove:
      minion:
        idx: 5
        version: 1
  - AfterAttack:
      attacker:
        idx: 5
        version: 1
      defender:
        idx: 6
        version: 1
      is_outer_phase: true
  - AuraUpdate: ~
  - DeathCheck: ~
  - End: TopWin

