---
source: tests/snapshot_tests.rs
expression: "(minions, recording)"
---
- ? idx: 1
    version: 1
  : LeeroyTheReckless
  ? idx: 2
    version: 1
  : PeggyBrittlebone
  ? idx: 3
    version: 1
  : Alleycat
  ? idx: 4
    version: 1
  : AmberGuardian
  ? idx: 5
    version: 1
  : NetherDrake
  ? idx: 6
    version: 1
  : Bristlebach
  ? idx: 7
    version: 1
  : Khadgar
  ? idx: 8
    version: 1
  : BristlemaneScrapsmith
  ? idx: 9
    version: 1
  : ChampionOfThePrimus
  ? idx: 10
    version: 1
  : BristlebackKnight
  ? idx: 11
    version: 1
  : KathraNatir
  ? idx: 12
    version: 1
  : MalchezaarPrinceOfDance
  ? idx: 13
    version: 1
  : Felstomper
  ? idx: 14
    version: 1
  : AccordOTron
- - ProposeAttack:
      attacker:
        idx: 1
        version: 1
      defender:
        idx: 4
        version: 1
      is_outer_phase: true
  - DeathCheck: ~
  - Attack:
      attacker:
        idx: 1
        version: 1
      defender:
        idx: 4
        version: 1
      is_outer_phase: true
  - TakeDamage:
      target:
        idx: 4
        version: 1
      amount: 6
      source:
        idx: 1
        version: 1
  - TakeDamage:
      target:
        idx: 1
        version: 1
      amount: 3
      source:
        idx: 4
        version: 1
  - DeathCheck: ~
  - Death:
      minion:
        idx: 4
        version: 1
      source:
        idx: 4294967295
        version: 1
  - Remove:
      minion:
        idx: 4
        version: 1
  - Death:
      minion:
        idx: 1
        version: 1
      source:
        idx: 4294967295
        version: 1
  - Remove:
      minion:
        idx: 1
        version: 1
  - AfterAttack:
      attacker:
        idx: 1
        version: 1
      defender:
        idx: 4
        version: 1
      is_outer_phase: true
  - DeathCheck: ~
  - ProposeAttack:
      attacker:
        idx: 2
        version: 1
      defender:
        idx: 11
        version: 1
      is_outer_phase: true
  - DeathCheck: ~
  - Attack:
      attacker:
        idx: 2
        version: 1
      defender:
        idx: 11
        version: 1
      is_outer_phase: true
  - TakeDamage:
      target:
        idx: 11
        version: 1
      amount: 6
      source:
        idx: 2
        version: 1
  - TakeDamage:
      target:
        idx: 2
        version: 1
      amount: 5
      source:
        idx: 11
        version: 1
  - DeathCheck: ~
  - Death:
      minion:
        idx: 2
        version: 1
      source:
        idx: 4294967295
        version: 1
  - Remove:
      minion:
        idx: 2
        version: 1
  - Death:
      minion:
        idx: 11
        version: 1
      source:
        idx: 4294967295
        version: 1
  - Remove:
      minion:
        idx: 11
        version: 1
  - AfterAttack:
      attacker:
        idx: 2
        version: 1
      defender:
        idx: 11
        version: 1
      is_outer_phase: true
  - DeathCheck: ~
  - ProposeAttack:
      attacker:
        idx: 3
        version: 1
      defender:
        idx: 8
        version: 1
      is_outer_phase: true
  - DeathCheck: ~
  - Attack:
      attacker:
        idx: 3
        version: 1
      defender:
        idx: 8
        version: 1
      is_outer_phase: true
  - TakeDamage:
      target:
        idx: 8
        version: 1
      amount: 1
      source:
        idx: 3
        version: 1
  - TakeDamage:
      target:
        idx: 3
        version: 1
      amount: 4
      source:
        idx: 8
        version: 1
  - DeathCheck: ~
  - Death:
      minion:
        idx: 3
        version: 1
      source:
        idx: 4294967295
        version: 1
  - Remove:
      minion:
        idx: 3
        version: 1
  - AfterAttack:
      attacker:
        idx: 3
        version: 1
      defender:
        idx: 8
        version: 1
      is_outer_phase: true
  - DeathCheck: ~
  - ProposeAttack:
      attacker:
        idx: 6
        version: 1
      defender:
        idx: 7
        version: 1
      is_outer_phase: true
  - DeathCheck: ~
  - Attack:
      attacker:
        idx: 6
        version: 1
      defender:
        idx: 7
        version: 1
      is_outer_phase: true
  - TakeDamage:
      target:
        idx: 7
        version: 1
      amount: 2
      source:
        idx: 6
        version: 1
  - TakeDamage:
      target:
        idx: 6
        version: 1
      amount: 2
      source:
        idx: 7
        version: 1
  - DeathCheck: ~
  - Death:
      minion:
        idx: 7
        version: 1
      source:
        idx: 4294967295
        version: 1
  - Remove:
      minion:
        idx: 7
        version: 1
  - AfterAttack:
      attacker:
        idx: 6
        version: 1
      defender:
        idx: 7
        version: 1
      is_outer_phase: true
  - DeathCheck: ~
  - ProposeAttack:
      attacker:
        idx: 5
        version: 1
      defender:
        idx: 10
        version: 1
      is_outer_phase: true
  - DeathCheck: ~
  - Attack:
      attacker:
        idx: 5
        version: 1
      defender:
        idx: 10
        version: 1
      is_outer_phase: true
  - TakeDamage:
      target:
        idx: 5
        version: 1
      amount: 6
      source:
        idx: 10
        version: 1
  - DeathCheck: ~
  - Death:
      minion:
        idx: 5
        version: 1
      source:
        idx: 4294967295
        version: 1
  - Remove:
      minion:
        idx: 5
        version: 1
  - AfterAttack:
      attacker:
        idx: 5
        version: 1
      defender:
        idx: 10
        version: 1
      is_outer_phase: true
  - DeathCheck: ~
  - ProposeAttack:
      attacker:
        idx: 8
        version: 1
      defender:
        idx: 13
        version: 1
      is_outer_phase: true
  - DeathCheck: ~
  - Attack:
      attacker:
        idx: 8
        version: 1
      defender:
        idx: 13
        version: 1
      is_outer_phase: true
  - TakeDamage:
      target:
        idx: 13
        version: 1
      amount: 4
      source:
        idx: 8
        version: 1
  - TakeDamage:
      target:
        idx: 8
        version: 1
      amount: 3
      source:
        idx: 13
        version: 1
  - DeathCheck: ~
  - Death:
      minion:
        idx: 8
        version: 1
      source:
        idx: 4294967295
        version: 1
  - Remove:
      minion:
        idx: 8
        version: 1
  - AfterAttack:
      attacker:
        idx: 8
        version: 1
      defender:
        idx: 13
        version: 1
      is_outer_phase: true
  - DeathCheck: ~
  - ProposeAttack:
      attacker:
        idx: 9
        version: 1
      defender:
        idx: 14
        version: 1
      is_outer_phase: true
  - DeathCheck: ~
  - Attack:
      attacker:
        idx: 9
        version: 1
      defender:
        idx: 14
        version: 1
      is_outer_phase: true
  - TakeDamage:
      target:
        idx: 14
        version: 1
      amount: 2
      source:
        idx: 9
        version: 1
  - TakeDamage:
      target:
        idx: 9
        version: 1
      amount: 3
      source:
        idx: 14
        version: 1
  - DeathCheck: ~
  - AfterAttack:
      attacker:
        idx: 9
        version: 1
      defender:
        idx: 14
        version: 1
      is_outer_phase: true
  - DeathCheck: ~
  - ProposeAttack:
      attacker:
        idx: 10
        version: 1
      defender:
        idx: 13
        version: 1
      is_outer_phase: true
  - DeathCheck: ~
  - Attack:
      attacker:
        idx: 10
        version: 1
      defender:
        idx: 13
        version: 1
      is_outer_phase: true
  - TakeDamage:
      target:
        idx: 13
        version: 1
      amount: 6
      source:
        idx: 10
        version: 1
  - TakeDamage:
      target:
        idx: 10
        version: 1
      amount: 3
      source:
        idx: 13
        version: 1
  - DeathCheck: ~
  - Death:
      minion:
        idx: 13
        version: 1
      source:
        idx: 4294967295
        version: 1
  - Remove:
      minion:
        idx: 13
        version: 1
  - AfterAttack:
      attacker:
        idx: 10
        version: 1
      defender:
        idx: 13
        version: 1
      is_outer_phase: true
  - DeathCheck: ~
  - ProposeAttack:
      attacker:
        idx: 10
        version: 1
      defender:
        idx: 9
        version: 1
      is_outer_phase: true
  - DeathCheck: ~
  - Attack:
      attacker:
        idx: 10
        version: 1
      defender:
        idx: 9
        version: 1
      is_outer_phase: true
  - TakeDamage:
      target:
        idx: 9
        version: 1
      amount: 6
      source:
        idx: 10
        version: 1
  - TakeDamage:
      target:
        idx: 10
        version: 1
      amount: 2
      source:
        idx: 9
        version: 1
  - DeathCheck: ~
  - Death:
      minion:
        idx: 9
        version: 1
      source:
        idx: 4294967295
        version: 1
  - Remove:
      minion:
        idx: 9
        version: 1
  - AfterAttack:
      attacker:
        idx: 10
        version: 1
      defender:
        idx: 9
        version: 1
      is_outer_phase: true
  - DeathCheck: ~
  - End: TopWin

