---
source: tests/snapshot_tests.rs
expression: "(minions, recording)"
---
- ? idx: 1
    version: 1
  : Deep Blue Crooner
  ? idx: 2
    version: 1
  : Golden Ghastcoiler
  ? idx: 3
    version: 1
  : Golden Vigilant Stoneborn
  ? idx: 4
    version: 1
  : Golden Chronormu
  ? idx: 5
    version: 1
  : Golden Backpiggy Imp
  ? idx: 6
    version: 1
  : Bannerboar
  ? idx: 7
    version: 1
  : Fiery Imp
  ? idx: 8
    version: 1
  : Golden Felstomper
  ? idx: 9
    version: 1
  : Yrel
  ? idx: 10
    version: 1
  : Golden Blade Collector
  ? idx: 11
    version: 1
  : Baron Rivendare
  ? idx: 12
    version: 1
  : Carbonic Copy
  ? idx: 13
    version: 1
  : Tavern Tipper
  ? idx: 14
    version: 1
  : "Golden Sin'dorei Straight Shot"
- - ProposeAttack:
      attacker:
        idx: 1
        version: 1
      defender:
        idx: 8
        version: 1
      is_outer_phase: true
  - DeathCheck: ~
  - Attack:
      attacker:
        idx: 1
        version: 1
      defender:
        idx: 8
        version: 1
      is_outer_phase: true
  - TakeDamage:
      target:
        idx: 8
        version: 1
      amount: 2
      source:
        idx: 1
        version: 1
  - TakeDamage:
      target:
        idx: 1
        version: 1
      amount: 6
      source:
        idx: 8
        version: 1
  - ActivateEffect:
      generic_associated_event_handler:
        Attack:
          event:
            attacker:
              idx: 1
              version: 1
            defender:
              idx: 8
              version: 1
            is_outer_phase: true
          ass_handler:
            minion:
              idx: 10
              version: 1
  - DeathCheck: ~
  - Death:
      minion:
        idx: 1
        version: 1
      source:
        idx: 4294967295
        version: 1
  - Remove:
      minion:
        idx: 1
        version: 1
  - AfterAttack:
      attacker:
        idx: 1
        version: 1
      defender:
        idx: 8
        version: 1
      is_outer_phase: true
  - DeathCheck: ~
  - ProposeAttack:
      attacker:
        idx: 2
        version: 1
      defender:
        idx: 7
        version: 1
      is_outer_phase: true
  - DeathCheck: ~
  - Attack:
      attacker:
        idx: 2
        version: 1
      defender:
        idx: 7
        version: 1
      is_outer_phase: true
  - TakeDamage:
      target:
        idx: 7
        version: 1
      amount: 14
      source:
        idx: 2
        version: 1
  - TakeDamage:
      target:
        idx: 2
        version: 1
      amount: 3
      source:
        idx: 7
        version: 1
  - ActivateEffect:
      generic_associated_event_handler:
        Attack:
          event:
            attacker:
              idx: 2
              version: 1
            defender:
              idx: 7
              version: 1
            is_outer_phase: true
          ass_handler:
            minion:
              idx: 10
              version: 1
  - DeathCheck: ~
  - Death:
      minion:
        idx: 7
        version: 1
      source:
        idx: 4294967295
        version: 1
  - Remove:
      minion:
        idx: 7
        version: 1
  - AfterAttack:
      attacker:
        idx: 2
        version: 1
      defender:
        idx: 7
        version: 1
      is_outer_phase: true
  - DeathCheck: ~
  - ProposeAttack:
      attacker:
        idx: 3
        version: 1
      defender:
        idx: 8
        version: 1
      is_outer_phase: true
  - DeathCheck: ~
  - Attack:
      attacker:
        idx: 3
        version: 1
      defender:
        idx: 8
        version: 1
      is_outer_phase: true
  - TakeDamage:
      target:
        idx: 8
        version: 1
      amount: 4
      source:
        idx: 3
        version: 1
  - TakeDamage:
      target:
        idx: 3
        version: 1
      amount: 6
      source:
        idx: 8
        version: 1
  - ActivateEffect:
      generic_associated_event_handler:
        Attack:
          event:
            attacker:
              idx: 3
              version: 1
            defender:
              idx: 8
              version: 1
            is_outer_phase: true
          ass_handler:
            minion:
              idx: 10
              version: 1
  - DeathCheck: ~
  - AfterAttack:
      attacker:
        idx: 3
        version: 1
      defender:
        idx: 8
        version: 1
      is_outer_phase: true
  - DeathCheck: ~
  - ProposeAttack:
      attacker:
        idx: 4
        version: 1
      defender:
        idx: 3
        version: 1
      is_outer_phase: true
  - DeathCheck: ~
  - Attack:
      attacker:
        idx: 4
        version: 1
      defender:
        idx: 3
        version: 1
      is_outer_phase: true
  - TakeDamage:
      target:
        idx: 3
        version: 1
      amount: 12
      source:
        idx: 4
        version: 1
  - TakeDamage:
      target:
        idx: 4
        version: 1
      amount: 4
      source:
        idx: 3
        version: 1
  - ActivateEffect:
      generic_associated_event_handler:
        Attack:
          event:
            attacker:
              idx: 4
              version: 1
            defender:
              idx: 3
              version: 1
            is_outer_phase: true
          ass_handler:
            minion:
              idx: 10
              version: 1
  - DeathCheck: ~
  - Death:
      minion:
        idx: 3
        version: 1
      source:
        idx: 4294967295
        version: 1
  - Remove:
      minion:
        idx: 3
        version: 1
  - AfterAttack:
      attacker:
        idx: 4
        version: 1
      defender:
        idx: 3
        version: 1
      is_outer_phase: true
  - DeathCheck: ~
  - ProposeAttack:
      attacker:
        idx: 5
        version: 1
      defender:
        idx: 14
        version: 1
      is_outer_phase: true
  - DeathCheck: ~
  - Attack:
      attacker:
        idx: 5
        version: 1
      defender:
        idx: 14
        version: 1
      is_outer_phase: true
  - TakeDamage:
      target:
        idx: 5
        version: 1
      amount: 6
      source:
        idx: 14
        version: 1
  - ActivateEffect:
      generic_associated_event_handler:
        Attack:
          event:
            attacker:
              idx: 5
              version: 1
            defender:
              idx: 14
              version: 1
            is_outer_phase: true
          ass_handler:
            minion:
              idx: 10
              version: 1
  - DeathCheck: ~
  - Death:
      minion:
        idx: 5
        version: 1
      source:
        idx: 4294967295
        version: 1
  - Remove:
      minion:
        idx: 5
        version: 1
  - AfterAttack:
      attacker:
        idx: 5
        version: 1
      defender:
        idx: 14
        version: 1
      is_outer_phase: true
  - DeathCheck: ~
  - ProposeAttack:
      attacker:
        idx: 6
        version: 1
      defender:
        idx: 13
        version: 1
      is_outer_phase: true
  - DeathCheck: ~
  - Attack:
      attacker:
        idx: 6
        version: 1
      defender:
        idx: 13
        version: 1
      is_outer_phase: true
  - TakeDamage:
      target:
        idx: 13
        version: 1
      amount: 3
      source:
        idx: 6
        version: 1
  - TakeDamage:
      target:
        idx: 6
        version: 1
      amount: 2
      source:
        idx: 13
        version: 1
  - ActivateEffect:
      generic_associated_event_handler:
        Attack:
          event:
            attacker:
              idx: 6
              version: 1
            defender:
              idx: 13
              version: 1
            is_outer_phase: true
          ass_handler:
            minion:
              idx: 10
              version: 1
  - DeathCheck: ~
  - Death:
      minion:
        idx: 13
        version: 1
      source:
        idx: 4294967295
        version: 1
  - Remove:
      minion:
        idx: 13
        version: 1
  - AfterAttack:
      attacker:
        idx: 6
        version: 1
      defender:
        idx: 13
        version: 1
      is_outer_phase: true
  - DeathCheck: ~
  - ProposeAttack:
      attacker:
        idx: 9
        version: 1
      defender:
        idx: 4
        version: 1
      is_outer_phase: true
  - DeathCheck: ~
  - Attack:
      attacker:
        idx: 9
        version: 1
      defender:
        idx: 4
        version: 1
      is_outer_phase: true
  - TakeDamage:
      target:
        idx: 4
        version: 1
      amount: 1
      source:
        idx: 9
        version: 1
  - TakeDamage:
      target:
        idx: 9
        version: 1
      amount: 12
      source:
        idx: 4
        version: 1
  - ActivateEffect:
      generic_associated_event_handler:
        Attack:
          event:
            attacker:
              idx: 9
              version: 1
            defender:
              idx: 4
              version: 1
            is_outer_phase: true
          ass_handler:
            minion:
              idx: 10
              version: 1
  - DeathCheck: ~
  - Death:
      minion:
        idx: 9
        version: 1
      source:
        idx: 4294967295
        version: 1
  - Remove:
      minion:
        idx: 9
        version: 1
  - AfterAttack:
      attacker:
        idx: 9
        version: 1
      defender:
        idx: 4
        version: 1
      is_outer_phase: true
  - DeathCheck: ~
  - ProposeAttack:
      attacker:
        idx: 8
        version: 1
      defender:
        idx: 11
        version: 1
      is_outer_phase: true
  - DeathCheck: ~
  - Attack:
      attacker:
        idx: 8
        version: 1
      defender:
        idx: 11
        version: 1
      is_outer_phase: true
  - TakeDamage:
      target:
        idx: 11
        version: 1
      amount: 6
      source:
        idx: 8
        version: 1
  - TakeDamage:
      target:
        idx: 8
        version: 1
      amount: 1
      source:
        idx: 11
        version: 1
  - ActivateEffect:
      generic_associated_event_handler:
        Attack:
          event:
            attacker:
              idx: 8
              version: 1
            defender:
              idx: 11
              version: 1
            is_outer_phase: true
          ass_handler:
            minion:
              idx: 10
              version: 1
  - DeathCheck: ~
  - AfterAttack:
      attacker:
        idx: 8
        version: 1
      defender:
        idx: 11
        version: 1
      is_outer_phase: true
  - DeathCheck: ~
  - ProposeAttack:
      attacker:
        idx: 11
        version: 1
      defender:
        idx: 4
        version: 1
      is_outer_phase: true
  - DeathCheck: ~
  - Attack:
      attacker:
        idx: 11
        version: 1
      defender:
        idx: 4
        version: 1
      is_outer_phase: true
  - TakeDamage:
      target:
        idx: 4
        version: 1
      amount: 1
      source:
        idx: 11
        version: 1
  - TakeDamage:
      target:
        idx: 11
        version: 1
      amount: 12
      source:
        idx: 4
        version: 1
  - ActivateEffect:
      generic_associated_event_handler:
        Attack:
          event:
            attacker:
              idx: 11
              version: 1
            defender:
              idx: 4
              version: 1
            is_outer_phase: true
          ass_handler:
            minion:
              idx: 10
              version: 1
  - DeathCheck: ~
  - Death:
      minion:
        idx: 11
        version: 1
      source:
        idx: 4294967295
        version: 1
  - Remove:
      minion:
        idx: 11
        version: 1
  - AfterAttack:
      attacker:
        idx: 11
        version: 1
      defender:
        idx: 4
        version: 1
      is_outer_phase: true
  - DeathCheck: ~
  - End: TopWin

