---
source: tests/snapshot_tests.rs
expression: "(minions, recording)"
---
- ? idx: 1
    version: 1
  : "Relentless Mur'ghoul"
  ? idx: 2
    version: 1
  : Tea Master Theotar
  ? idx: 3
    version: 1
  : Golden Greta Gold-Gun
  ? idx: 4
    version: 1
  : Robosaur
  ? idx: 5
    version: 1
  : Bonemare
  ? idx: 6
    version: 1
  : "Nomi, Kitchen Nightmare"
  ? idx: 7
    version: 1
  : Golden Bongo Bopper
  ? idx: 8
    version: 1
  : Dazzling Lightspawn
  ? idx: 9
    version: 1
  : Spark-ling
  ? idx: 10
    version: 1
  : Shoal Commander
  ? idx: 11
    version: 1
  : Golden Reef Riffer
  ? idx: 12
    version: 1
  : Golden Cubling
  ? idx: 13
    version: 1
  : Golden Sparring Partner
  ? idx: 14
    version: 1
  : Golden Bigfernal
- - ProposeAttack:
      attacker:
        idx: 1
        version: 1
      defender:
        idx: 12
        version: 1
      is_outer_phase: true
  - DeathCheck: ~
  - Attack:
      attacker:
        idx: 1
        version: 1
      defender:
        idx: 12
        version: 1
      is_outer_phase: true
  - TakeDamage:
      target:
        idx: 12
        version: 1
      amount: 5
      source:
        idx: 1
        version: 1
  - DeathCheck: ~
  - Death:
      minion:
        idx: 12
        version: 1
      source:
        idx: 4294967295
        version: 1
  - Remove:
      minion:
        idx: 12
        version: 1
  - AfterAttack:
      attacker:
        idx: 1
        version: 1
      defender:
        idx: 12
        version: 1
      is_outer_phase: true
  - DeathCheck: ~
  - ProposeAttack:
      attacker:
        idx: 2
        version: 1
      defender:
        idx: 13
        version: 1
      is_outer_phase: true
  - DeathCheck: ~
  - Attack:
      attacker:
        idx: 2
        version: 1
      defender:
        idx: 13
        version: 1
      is_outer_phase: true
  - TakeDamage:
      target:
        idx: 13
        version: 1
      amount: 6
      source:
        idx: 2
        version: 1
  - TakeDamage:
      target:
        idx: 2
        version: 1
      amount: 6
      source:
        idx: 13
        version: 1
  - DeathCheck: ~
  - Death:
      minion:
        idx: 2
        version: 1
      source:
        idx: 4294967295
        version: 1
  - Remove:
      minion:
        idx: 2
        version: 1
  - Death:
      minion:
        idx: 13
        version: 1
      source:
        idx: 4294967295
        version: 1
  - Remove:
      minion:
        idx: 13
        version: 1
  - AfterAttack:
      attacker:
        idx: 2
        version: 1
      defender:
        idx: 13
        version: 1
      is_outer_phase: true
  - DeathCheck: ~
  - ProposeAttack:
      attacker:
        idx: 3
        version: 1
      defender:
        idx: 10
        version: 1
      is_outer_phase: true
  - DeathCheck: ~
  - Attack:
      attacker:
        idx: 3
        version: 1
      defender:
        idx: 10
        version: 1
      is_outer_phase: true
  - TakeDamage:
      target:
        idx: 10
        version: 1
      amount: 4
      source:
        idx: 3
        version: 1
  - TakeDamage:
      target:
        idx: 3
        version: 1
      amount: 2
      source:
        idx: 10
        version: 1
  - DeathCheck: ~
  - Death:
      minion:
        idx: 10
        version: 1
      source:
        idx: 4294967295
        version: 1
  - Remove:
      minion:
        idx: 10
        version: 1
  - AfterAttack:
      attacker:
        idx: 3
        version: 1
      defender:
        idx: 10
        version: 1
      is_outer_phase: true
  - DeathCheck: ~
  - ProposeAttack:
      attacker:
        idx: 4
        version: 1
      defender:
        idx: 1
        version: 1
      is_outer_phase: true
  - DeathCheck: ~
  - Attack:
      attacker:
        idx: 4
        version: 1
      defender:
        idx: 1
        version: 1
      is_outer_phase: true
  - TakeDamage:
      target:
        idx: 1
        version: 1
      amount: 8
      source:
        idx: 4
        version: 1
  - TakeDamage:
      target:
        idx: 4
        version: 1
      amount: 5
      source:
        idx: 1
        version: 1
  - DeathCheck: ~
  - Death:
      minion:
        idx: 4
        version: 1
      source:
        idx: 4294967295
        version: 1
  - Remove:
      minion:
        idx: 4
        version: 1
  - Death:
      minion:
        idx: 1
        version: 1
      source:
        idx: 4294967295
        version: 1
  - Remove:
      minion:
        idx: 1
        version: 1
  - AfterAttack:
      attacker:
        idx: 4
        version: 1
      defender:
        idx: 1
        version: 1
      is_outer_phase: true
  - DeathCheck: ~
  - ProposeAttack:
      attacker:
        idx: 5
        version: 1
      defender:
        idx: 14
        version: 1
      is_outer_phase: true
  - DeathCheck: ~
  - Attack:
      attacker:
        idx: 5
        version: 1
      defender:
        idx: 14
        version: 1
      is_outer_phase: true
  - TakeDamage:
      target:
        idx: 14
        version: 1
      amount: 5
      source:
        idx: 5
        version: 1
  - TakeDamage:
      target:
        idx: 5
        version: 1
      amount: 12
      source:
        idx: 14
        version: 1
  - DeathCheck: ~
  - Death:
      minion:
        idx: 5
        version: 1
      source:
        idx: 4294967295
        version: 1
  - Remove:
      minion:
        idx: 5
        version: 1
  - AfterAttack:
      attacker:
        idx: 5
        version: 1
      defender:
        idx: 14
        version: 1
      is_outer_phase: true
  - DeathCheck: ~
  - ProposeAttack:
      attacker:
        idx: 6
        version: 1
      defender:
        idx: 11
        version: 1
      is_outer_phase: true
  - DeathCheck: ~
  - Attack:
      attacker:
        idx: 6
        version: 1
      defender:
        idx: 11
        version: 1
      is_outer_phase: true
  - TakeDamage:
      target:
        idx: 11
        version: 1
      amount: 4
      source:
        idx: 6
        version: 1
  - TakeDamage:
      target:
        idx: 6
        version: 1
      amount: 2
      source:
        idx: 11
        version: 1
  - DeathCheck: ~
  - Death:
      minion:
        idx: 11
        version: 1
      source:
        idx: 4294967295
        version: 1
  - Remove:
      minion:
        idx: 11
        version: 1
  - AfterAttack:
      attacker:
        idx: 6
        version: 1
      defender:
        idx: 11
        version: 1
      is_outer_phase: true
  - DeathCheck: ~
  - ProposeAttack:
      attacker:
        idx: 7
        version: 1
      defender:
        idx: 14
        version: 1
      is_outer_phase: true
  - DeathCheck: ~
  - Attack:
      attacker:
        idx: 7
        version: 1
      defender:
        idx: 14
        version: 1
      is_outer_phase: true
  - TakeDamage:
      target:
        idx: 14
        version: 1
      amount: 8
      source:
        idx: 7
        version: 1
  - TakeDamage:
      target:
        idx: 7
        version: 1
      amount: 12
      source:
        idx: 14
        version: 1
  - DeathCheck: ~
  - Death:
      minion:
        idx: 14
        version: 1
      source:
        idx: 4294967295
        version: 1
  - Remove:
      minion:
        idx: 14
        version: 1
  - Death:
      minion:
        idx: 7
        version: 1
      source:
        idx: 4294967295
        version: 1
  - Remove:
      minion:
        idx: 7
        version: 1
  - AfterAttack:
      attacker:
        idx: 7
        version: 1
      defender:
        idx: 14
        version: 1
      is_outer_phase: true
  - DeathCheck: ~
  - ProposeAttack:
      attacker:
        idx: 8
        version: 1
      defender:
        idx: 9
        version: 1
      is_outer_phase: true
  - DeathCheck: ~
  - Attack:
      attacker:
        idx: 8
        version: 1
      defender:
        idx: 9
        version: 1
      is_outer_phase: true
  - TakeDamage:
      target:
        idx: 9
        version: 1
      amount: 2
      source:
        idx: 8
        version: 1
  - TakeDamage:
      target:
        idx: 8
        version: 1
      amount: 5
      source:
        idx: 9
        version: 1
  - DeathCheck: ~
  - Death:
      minion:
        idx: 8
        version: 1
      source:
        idx: 4294967295
        version: 1
  - Remove:
      minion:
        idx: 8
        version: 1
  - Death:
      minion:
        idx: 9
        version: 1
      source:
        idx: 4294967295
        version: 1
  - Remove:
      minion:
        idx: 9
        version: 1
  - AfterAttack:
      attacker:
        idx: 8
        version: 1
      defender:
        idx: 9
        version: 1
      is_outer_phase: true
  - DeathCheck: ~
  - ProposeAttack:
      attacker:
        idx: 3
        version: 1
      defender:
        idx: 6
        version: 1
      is_outer_phase: true
  - DeathCheck: ~
  - Attack:
      attacker:
        idx: 3
        version: 1
      defender:
        idx: 6
        version: 1
      is_outer_phase: true
  - TakeDamage:
      target:
        idx: 6
        version: 1
      amount: 4
      source:
        idx: 3
        version: 1
  - TakeDamage:
      target:
        idx: 3
        version: 1
      amount: 4
      source:
        idx: 6
        version: 1
  - DeathCheck: ~
  - Death:
      minion:
        idx: 6
        version: 1
      source:
        idx: 4294967295
        version: 1
  - Remove:
      minion:
        idx: 6
        version: 1
  - AfterAttack:
      attacker:
        idx: 3
        version: 1
      defender:
        idx: 6
        version: 1
      is_outer_phase: true
  - DeathCheck: ~
  - End: BottomWin

