---
source: tests/snapshot_tests.rs
expression: "(minions, recording)"
---
- ? idx: 1
    version: 1
  : "Golden Surf n' Surf"
  ? idx: 2
    version: 1
  : Golden Deep-Sea Angler
  ? idx: 3
    version: 1
  : Bronze Warden
  ? idx: 4
    version: 1
  : Qiraji Harbinger
  ? idx: 5
    version: 1
  : First Mate Pip
  ? idx: 6
    version: 1
  : Golden Southsea Busker
  ? idx: 7
    version: 1
  : Golden Tunnel Blaster
  ? idx: 8
    version: 1
  : Golden Shifter Zerus
  ? idx: 9
    version: 1
  : Golden Gentle Djinni
  ? idx: 10
    version: 1
  : Golden Metaltooth Leaper
  ? idx: 11
    version: 1
  : Lovesick Balladist
  ? idx: 12
    version: 1
  : Golden Felemental
  ? idx: 13
    version: 1
  : Golden Upbeat Impressionist
  ? idx: 14
    version: 1
  : Replicating Menace
- - AuraUpdate: ~
  - DeathCheck: ~
  - ProposeAttack:
      attacker:
        idx: 1
        version: 1
      defender:
        idx: 2
        version: 1
      is_outer_phase: true
  - AuraUpdate: ~
  - DeathCheck: ~
  - Attack:
      attacker:
        idx: 1
        version: 1
      defender:
        idx: 2
        version: 1
      is_outer_phase: true
  - TakeDamage:
      target:
        idx: 2
        version: 1
      amount: 2
      source:
        idx: 1
        version: 1
  - TakeDamage:
      target:
        idx: 1
        version: 1
      amount: 4
      source:
        idx: 2
        version: 1
  - AuraUpdate: ~
  - DeathCheck: ~
  - Death:
      minion:
        idx: 1
        version: 1
      source:
        idx: 4294967295
        version: 1
  - Remove:
      minion:
        idx: 1
        version: 1
  - AfterAttack:
      attacker:
        idx: 1
        version: 1
      defender:
        idx: 2
        version: 1
      is_outer_phase: true
  - AuraUpdate: ~
  - DeathCheck: ~
  - ProposeAttack:
      attacker:
        idx: 2
        version: 1
      defender:
        idx: 9
        version: 1
      is_outer_phase: true
  - AuraUpdate: ~
  - DeathCheck: ~
  - Attack:
      attacker:
        idx: 2
        version: 1
      defender:
        idx: 9
        version: 1
      is_outer_phase: true
  - TakeDamage:
      target:
        idx: 9
        version: 1
      amount: 4
      source:
        idx: 2
        version: 1
  - TakeDamage:
      target:
        idx: 2
        version: 1
      amount: 8
      source:
        idx: 9
        version: 1
  - AuraUpdate: ~
  - DeathCheck: ~
  - Death:
      minion:
        idx: 2
        version: 1
      source:
        idx: 4294967295
        version: 1
  - Remove:
      minion:
        idx: 2
        version: 1
  - AfterAttack:
      attacker:
        idx: 2
        version: 1
      defender:
        idx: 9
        version: 1
      is_outer_phase: true
  - AuraUpdate: ~
  - DeathCheck: ~
  - ProposeAttack:
      attacker:
        idx: 3
        version: 1
      defender:
        idx: 12
        version: 1
      is_outer_phase: true
  - AuraUpdate: ~
  - DeathCheck: ~
  - Attack:
      attacker:
        idx: 3
        version: 1
      defender:
        idx: 12
        version: 1
      is_outer_phase: true
  - TakeDamage:
      target:
        idx: 12
        version: 1
      amount: 2
      source:
        idx: 3
        version: 1
  - AuraUpdate: ~
  - DeathCheck: ~
  - Death:
      minion:
        idx: 12
        version: 1
      source:
        idx: 4294967295
        version: 1
  - Remove:
      minion:
        idx: 12
        version: 1
  - AfterAttack:
      attacker:
        idx: 3
        version: 1
      defender:
        idx: 12
        version: 1
      is_outer_phase: true
  - AuraUpdate: ~
  - DeathCheck: ~
  - ProposeAttack:
      attacker:
        idx: 4
        version: 1
      defender:
        idx: 7
        version: 1
      is_outer_phase: true
  - AuraUpdate: ~
  - DeathCheck: ~
  - Attack:
      attacker:
        idx: 4
        version: 1
      defender:
        idx: 7
        version: 1
      is_outer_phase: true
  - TakeDamage:
      target:
        idx: 7
        version: 1
      amount: 5
      source:
        idx: 4
        version: 1
  - TakeDamage:
      target:
        idx: 4
        version: 1
      amount: 6
      source:
        idx: 7
        version: 1
  - AuraUpdate: ~
  - DeathCheck: ~
  - Death:
      minion:
        idx: 4
        version: 1
      source:
        idx: 4294967295
        version: 1
  - Remove:
      minion:
        idx: 4
        version: 1
  - AfterAttack:
      attacker:
        idx: 4
        version: 1
      defender:
        idx: 7
        version: 1
      is_outer_phase: true
  - AuraUpdate: ~
  - DeathCheck: ~
  - ProposeAttack:
      attacker:
        idx: 5
        version: 1
      defender:
        idx: 14
        version: 1
      is_outer_phase: true
  - AuraUpdate: ~
  - DeathCheck: ~
  - Attack:
      attacker:
        idx: 5
        version: 1
      defender:
        idx: 14
        version: 1
      is_outer_phase: true
  - TakeDamage:
      target:
        idx: 14
        version: 1
      amount: 5
      source:
        idx: 5
        version: 1
  - TakeDamage:
      target:
        idx: 5
        version: 1
      amount: 3
      source:
        idx: 14
        version: 1
  - AuraUpdate: ~
  - DeathCheck: ~
  - Death:
      minion:
        idx: 14
        version: 1
      source:
        idx: 4294967295
        version: 1
  - Remove:
      minion:
        idx: 14
        version: 1
  - AfterAttack:
      attacker:
        idx: 5
        version: 1
      defender:
        idx: 14
        version: 1
      is_outer_phase: true
  - AuraUpdate: ~
  - DeathCheck: ~
  - ProposeAttack:
      attacker:
        idx: 6
        version: 1
      defender:
        idx: 9
        version: 1
      is_outer_phase: true
  - AuraUpdate: ~
  - DeathCheck: ~
  - Attack:
      attacker:
        idx: 6
        version: 1
      defender:
        idx: 9
        version: 1
      is_outer_phase: true
  - TakeDamage:
      target:
        idx: 9
        version: 1
      amount: 6
      source:
        idx: 6
        version: 1
  - TakeDamage:
      target:
        idx: 6
        version: 1
      amount: 8
      source:
        idx: 9
        version: 1
  - AuraUpdate: ~
  - DeathCheck: ~
  - Death:
      minion:
        idx: 6
        version: 1
      source:
        idx: 4294967295
        version: 1
  - Remove:
      minion:
        idx: 6
        version: 1
  - Death:
      minion:
        idx: 9
        version: 1
      source:
        idx: 4294967295
        version: 1
  - Remove:
      minion:
        idx: 9
        version: 1
  - AfterAttack:
      attacker:
        idx: 6
        version: 1
      defender:
        idx: 9
        version: 1
      is_outer_phase: true
  - AuraUpdate: ~
  - DeathCheck: ~
  - ProposeAttack:
      attacker:
        idx: 7
        version: 1
      defender:
        idx: 8
        version: 1
      is_outer_phase: true
  - AuraUpdate: ~
  - DeathCheck: ~
  - Attack:
      attacker:
        idx: 7
        version: 1
      defender:
        idx: 8
        version: 1
      is_outer_phase: true
  - TakeDamage:
      target:
        idx: 8
        version: 1
      amount: 6
      source:
        idx: 7
        version: 1
  - TakeDamage:
      target:
        idx: 7
        version: 1
      amount: 2
      source:
        idx: 8
        version: 1
  - AuraUpdate: ~
  - DeathCheck: ~
  - Death:
      minion:
        idx: 8
        version: 1
      source:
        idx: 4294967295
        version: 1
  - Remove:
      minion:
        idx: 8
        version: 1
  - AfterAttack:
      attacker:
        idx: 7
        version: 1
      defender:
        idx: 8
        version: 1
      is_outer_phase: true
  - AuraUpdate: ~
  - DeathCheck: ~
  - ProposeAttack:
      attacker:
        idx: 10
        version: 1
      defender:
        idx: 7
        version: 1
      is_outer_phase: true
  - AuraUpdate: ~
  - DeathCheck: ~
  - Attack:
      attacker:
        idx: 10
        version: 1
      defender:
        idx: 7
        version: 1
      is_outer_phase: true
  - TakeDamage:
      target:
        idx: 7
        version: 1
      amount: 6
      source:
        idx: 10
        version: 1
  - TakeDamage:
      target:
        idx: 10
        version: 1
      amount: 6
      source:
        idx: 7
        version: 1
  - AuraUpdate: ~
  - DeathCheck: ~
  - Death:
      minion:
        idx: 10
        version: 1
      source:
        idx: 4294967295
        version: 1
  - Remove:
      minion:
        idx: 10
        version: 1
  - AfterAttack:
      attacker:
        idx: 10
        version: 1
      defender:
        idx: 7
        version: 1
      is_outer_phase: true
  - AuraUpdate: ~
  - DeathCheck: ~
  - End: BottomWin

