---
source: tests/snapshot_tests.rs
expression: "(minions, recording)"
---
- ? idx: 1
    version: 1
  : Gem Smuggler
  ? idx: 2
    version: 1
  : "Golden Nomi, Kitchen Nightmare"
  ? idx: 3
    version: 1
  : Tichondrius
  ? idx: 4
    version: 1
  : Golden Toxfin
  ? idx: 5
    version: 1
  : Golden Bubblette
  ? idx: 6
    version: 1
  : Freedealing Gambler
  ? idx: 7
    version: 1
  : Golden Unstable Ghoul
  ? idx: 8
    version: 1
  : Radio Star
  ? idx: 9
    version: 1
  : Golden Kaboom Bot
  ? idx: 10
    version: 1
  : Robosaur
  ? idx: 11
    version: 1
  : Adaptable Barricade
  ? idx: 12
    version: 1
  : Golden Darkgaze Elder
  ? idx: 13
    version: 1
  : Baron Rivendare
  ? idx: 14
    version: 1
  : Golden Tide Oracle Morgl
- - ProposeAttack:
      attacker:
        idx: 1
        version: 1
      defender:
        idx: 4
        version: 1
      is_outer_phase: true
  - DeathCheck: ~
  - Attack:
      attacker:
        idx: 1
        version: 1
      defender:
        idx: 4
        version: 1
      is_outer_phase: true
  - TakeDamage:
      target:
        idx: 4
        version: 1
      amount: 3
      source:
        idx: 1
        version: 1
  - ActivateEffect:
      generic_associated_event_handler:
        TakeDamage:
          event:
            target:
              idx: 4
              version: 1
            amount: 3
            source:
              idx: 1
              version: 1
          ass_handler:
            minion:
              idx: 5
              version: 1
  - TakeDamage:
      target:
        idx: 1
        version: 1
      amount: 2
      source:
        idx: 4
        version: 1
  - ActivateEffect:
      generic_associated_event_handler:
        TakeDamage:
          event:
            target:
              idx: 1
              version: 1
            amount: 2
            source:
              idx: 4
              version: 1
          ass_handler:
            minion:
              idx: 5
              version: 1
  - DeathCheck: ~
  - AfterAttack:
      attacker:
        idx: 1
        version: 1
      defender:
        idx: 4
        version: 1
      is_outer_phase: true
  - DeathCheck: ~
  - ProposeAttack:
      attacker:
        idx: 2
        version: 1
      defender:
        idx: 11
        version: 1
      is_outer_phase: true
  - DeathCheck: ~
  - Attack:
      attacker:
        idx: 2
        version: 1
      defender:
        idx: 11
        version: 1
      is_outer_phase: true
  - TakeDamage:
      target:
        idx: 11
        version: 1
      amount: 8
      source:
        idx: 2
        version: 1
  - ActivateEffect:
      generic_associated_event_handler:
        TakeDamage:
          event:
            target:
              idx: 11
              version: 1
            amount: 8
            source:
              idx: 2
              version: 1
          ass_handler:
            minion:
              idx: 5
              version: 1
  - TakeDamage:
      target:
        idx: 2
        version: 1
      amount: 18
      source:
        idx: 11
        version: 1
  - ActivateEffect:
      generic_associated_event_handler:
        TakeDamage:
          event:
            target:
              idx: 2
              version: 1
            amount: 18
            source:
              idx: 11
              version: 1
          ass_handler:
            minion:
              idx: 5
              version: 1
  - DeathCheck: ~
  - Death:
      minion:
        idx: 2
        version: 1
      source:
        idx: 4294967295
        version: 1
  - Remove:
      minion:
        idx: 2
        version: 1
  - ActivateEffect:
      generic_associated_event_handler:
        Death:
          event:
            minion:
              idx: 2
              version: 1
            source:
              idx: 4294967295
              version: 1
          ass_handler:
            minion:
              idx: 9
              version: 1
  - Death:
      minion:
        idx: 11
        version: 1
      source:
        idx: 4294967295
        version: 1
  - Remove:
      minion:
        idx: 11
        version: 1
  - ActivateEffect:
      generic_associated_event_handler:
        Death:
          event:
            minion:
              idx: 11
              version: 1
            source:
              idx: 4294967295
              version: 1
          ass_handler:
            minion:
              idx: 9
              version: 1
  - AfterAttack:
      attacker:
        idx: 2
        version: 1
      defender:
        idx: 11
        version: 1
      is_outer_phase: true
  - DeathCheck: ~
  - ProposeAttack:
      attacker:
        idx: 3
        version: 1
      defender:
        idx: 4
        version: 1
      is_outer_phase: true
  - DeathCheck: ~
  - Attack:
      attacker:
        idx: 3
        version: 1
      defender:
        idx: 4
        version: 1
      is_outer_phase: true
  - TakeDamage:
      target:
        idx: 4
        version: 1
      amount: 4
      source:
        idx: 3
        version: 1
  - ActivateEffect:
      generic_associated_event_handler:
        TakeDamage:
          event:
            target:
              idx: 4
              version: 1
            amount: 4
            source:
              idx: 3
              version: 1
          ass_handler:
            minion:
              idx: 5
              version: 1
  - TakeDamage:
      target:
        idx: 3
        version: 1
      amount: 2
      source:
        idx: 4
        version: 1
  - ActivateEffect:
      generic_associated_event_handler:
        TakeDamage:
          event:
            target:
              idx: 3
              version: 1
            amount: 2
            source:
              idx: 4
              version: 1
          ass_handler:
            minion:
              idx: 5
              version: 1
  - DeathCheck: ~
  - Death:
      minion:
        idx: 4
        version: 1
      source:
        idx: 4294967295
        version: 1
  - Remove:
      minion:
        idx: 4
        version: 1
  - ActivateEffect:
      generic_associated_event_handler:
        Death:
          event:
            minion:
              idx: 4
              version: 1
            source:
              idx: 4294967295
              version: 1
          ass_handler:
            minion:
              idx: 9
              version: 1
  - AfterAttack:
      attacker:
        idx: 3
        version: 1
      defender:
        idx: 4
        version: 1
      is_outer_phase: true
  - DeathCheck: ~
  - ProposeAttack:
      attacker:
        idx: 6
        version: 1
      defender:
        idx: 7
        version: 1
      is_outer_phase: true
  - DeathCheck: ~
  - Attack:
      attacker:
        idx: 6
        version: 1
      defender:
        idx: 7
        version: 1
      is_outer_phase: true
  - TakeDamage:
      target:
        idx: 7
        version: 1
      amount: 3
      source:
        idx: 6
        version: 1
  - ActivateEffect:
      generic_associated_event_handler:
        TakeDamage:
          event:
            target:
              idx: 7
              version: 1
            amount: 3
            source:
              idx: 6
              version: 1
          ass_handler:
            minion:
              idx: 5
              version: 1
  - TakeDamage:
      target:
        idx: 6
        version: 1
      amount: 2
      source:
        idx: 7
        version: 1
  - ActivateEffect:
      generic_associated_event_handler:
        TakeDamage:
          event:
            target:
              idx: 6
              version: 1
            amount: 2
            source:
              idx: 7
              version: 1
          ass_handler:
            minion:
              idx: 5
              version: 1
  - DeathCheck: ~
  - AfterAttack:
      attacker:
        idx: 6
        version: 1
      defender:
        idx: 7
        version: 1
      is_outer_phase: true
  - DeathCheck: ~
  - ProposeAttack:
      attacker:
        idx: 5
        version: 1
      defender:
        idx: 8
        version: 1
      is_outer_phase: true
  - DeathCheck: ~
  - Attack:
      attacker:
        idx: 5
        version: 1
      defender:
        idx: 8
        version: 1
      is_outer_phase: true
  - TakeDamage:
      target:
        idx: 8
        version: 1
      amount: 10
      source:
        idx: 5
        version: 1
  - ActivateEffect:
      generic_associated_event_handler:
        TakeDamage:
          event:
            target:
              idx: 8
              version: 1
            amount: 10
            source:
              idx: 5
              version: 1
          ass_handler:
            minion:
              idx: 5
              version: 1
  - TakeDamage:
      target:
        idx: 5
        version: 1
      amount: 1
      source:
        idx: 8
        version: 1
  - ActivateEffect:
      generic_associated_event_handler:
        TakeDamage:
          event:
            target:
              idx: 5
              version: 1
            amount: 1
            source:
              idx: 8
              version: 1
          ass_handler:
            minion:
              idx: 5
              version: 1
  - Death:
      minion:
        idx: 5
        version: 1
      source:
        idx: 5
        version: 1
  - Remove:
      minion:
        idx: 5
        version: 1
  - ActivateEffect:
      generic_associated_event_handler:
        Death:
          event:
            minion:
              idx: 5
              version: 1
            source:
              idx: 5
              version: 1
          ass_handler:
            minion:
              idx: 9
              version: 1
  - DeathCheck: ~
  - Death:
      minion:
        idx: 8
        version: 1
      source:
        idx: 4294967295
        version: 1
  - Remove:
      minion:
        idx: 8
        version: 1
  - ActivateEffect:
      generic_associated_event_handler:
        Death:
          event:
            minion:
              idx: 8
              version: 1
            source:
              idx: 4294967295
              version: 1
          ass_handler:
            minion:
              idx: 9
              version: 1
  - AfterAttack:
      attacker:
        idx: 5
        version: 1
      defender:
        idx: 8
        version: 1
      is_outer_phase: true
  - DeathCheck: ~
  - ProposeAttack:
      attacker:
        idx: 10
        version: 1
      defender:
        idx: 7
        version: 1
      is_outer_phase: true
  - DeathCheck: ~
  - Attack:
      attacker:
        idx: 10
        version: 1
      defender:
        idx: 7
        version: 1
      is_outer_phase: true
  - TakeDamage:
      target:
        idx: 7
        version: 1
      amount: 8
      source:
        idx: 10
        version: 1
  - TakeDamage:
      target:
        idx: 10
        version: 1
      amount: 2
      source:
        idx: 7
        version: 1
  - DeathCheck: ~
  - Death:
      minion:
        idx: 7
        version: 1
      source:
        idx: 4294967295
        version: 1
  - Remove:
      minion:
        idx: 7
        version: 1
  - ActivateEffect:
      generic_associated_event_handler:
        Death:
          event:
            minion:
              idx: 7
              version: 1
            source:
              idx: 4294967295
              version: 1
          ass_handler:
            minion:
              idx: 9
              version: 1
  - AfterAttack:
      attacker:
        idx: 10
        version: 1
      defender:
        idx: 7
        version: 1
      is_outer_phase: true
  - DeathCheck: ~
  - ProposeAttack:
      attacker:
        idx: 9
        version: 1
      defender:
        idx: 10
        version: 1
      is_outer_phase: true
  - DeathCheck: ~
  - Attack:
      attacker:
        idx: 9
        version: 1
      defender:
        idx: 10
        version: 1
      is_outer_phase: true
  - TakeDamage:
      target:
        idx: 10
        version: 1
      amount: 4
      source:
        idx: 9
        version: 1
  - TakeDamage:
      target:
        idx: 9
        version: 1
      amount: 8
      source:
        idx: 10
        version: 1
  - DeathCheck: ~
  - Death:
      minion:
        idx: 9
        version: 1
      source:
        idx: 4294967295
        version: 1
  - Remove:
      minion:
        idx: 9
        version: 1
  - ActivateEffect:
      generic_associated_event_handler:
        Death:
          event:
            minion:
              idx: 9
              version: 1
            source:
              idx: 4294967295
              version: 1
          ass_handler:
            minion:
              idx: 9
              version: 1
  - TakeDamage:
      target:
        idx: 10
        version: 1
      amount: 4
      source:
        idx: 9
        version: 1
  - AfterAttack:
      attacker:
        idx: 9
        version: 1
      defender:
        idx: 10
        version: 1
      is_outer_phase: true
  - DeathCheck: ~
  - Death:
      minion:
        idx: 10
        version: 1
      source:
        idx: 4294967295
        version: 1
  - Remove:
      minion:
        idx: 10
        version: 1
  - ProposeAttack:
      attacker:
        idx: 12
        version: 1
      defender:
        idx: 13
        version: 1
      is_outer_phase: true
  - DeathCheck: ~
  - Attack:
      attacker:
        idx: 12
        version: 1
      defender:
        idx: 13
        version: 1
      is_outer_phase: true
  - TakeDamage:
      target:
        idx: 13
        version: 1
      amount: 12
      source:
        idx: 12
        version: 1
  - TakeDamage:
      target:
        idx: 12
        version: 1
      amount: 1
      source:
        idx: 13
        version: 1
  - DeathCheck: ~
  - Death:
      minion:
        idx: 13
        version: 1
      source:
        idx: 4294967295
        version: 1
  - Remove:
      minion:
        idx: 13
        version: 1
  - AfterAttack:
      attacker:
        idx: 12
        version: 1
      defender:
        idx: 13
        version: 1
      is_outer_phase: true
  - DeathCheck: ~
  - ProposeAttack:
      attacker:
        idx: 1
        version: 1
      defender:
        idx: 6
        version: 1
      is_outer_phase: true
  - DeathCheck: ~
  - Attack:
      attacker:
        idx: 1
        version: 1
      defender:
        idx: 6
        version: 1
      is_outer_phase: true
  - TakeDamage:
      target:
        idx: 6
        version: 1
      amount: 3
      source:
        idx: 1
        version: 1
  - TakeDamage:
      target:
        idx: 1
        version: 1
      amount: 3
      source:
        idx: 6
        version: 1
  - DeathCheck: ~
  - Death:
      minion:
        idx: 6
        version: 1
      source:
        idx: 4294967295
        version: 1
  - Remove:
      minion:
        idx: 6
        version: 1
  - Death:
      minion:
        idx: 1
        version: 1
      source:
        idx: 4294967295
        version: 1
  - Remove:
      minion:
        idx: 1
        version: 1
  - AfterAttack:
      attacker:
        idx: 1
        version: 1
      defender:
        idx: 6
        version: 1
      is_outer_phase: true
  - DeathCheck: ~
  - ProposeAttack:
      attacker:
        idx: 14
        version: 1
      defender:
        idx: 3
        version: 1
      is_outer_phase: true
  - DeathCheck: ~
  - Attack:
      attacker:
        idx: 14
        version: 1
      defender:
        idx: 3
        version: 1
      is_outer_phase: true
  - TakeDamage:
      target:
        idx: 3
        version: 1
      amount: 2
      source:
        idx: 14
        version: 1
  - TakeDamage:
      target:
        idx: 14
        version: 1
      amount: 4
      source:
        idx: 3
        version: 1
  - DeathCheck: ~
  - Death:
      minion:
        idx: 3
        version: 1
      source:
        idx: 4294967295
        version: 1
  - Remove:
      minion:
        idx: 3
        version: 1
  - AfterAttack:
      attacker:
        idx: 14
        version: 1
      defender:
        idx: 3
        version: 1
      is_outer_phase: true
  - DeathCheck: ~
  - End: TopWin

