---
source: tests/snapshot_tests.rs
expression: "(minions, recording)"
---
- ? idx: 1
    version: 1
  : HolyMecherel
  ? idx: 2
    version: 1
  : MenagerieJug
  ? idx: 3
    version: 1
  : SoulRewinder
  ? idx: 4
    version: 1
  : BongoBopper
  ? idx: 5
    version: 1
  : ZappSlywick
  ? idx: 6
    version: 1
  : MurlocWarleader
  ? idx: 7
    version: 1
  : LieutenantGarr
  ? idx: 8
    version: 1
  : Smogger
  ? idx: 9
    version: 1
  : AnnoyOTroupe
  ? idx: 10
    version: 1
  : RipsnarlCaptain
  ? idx: 11
    version: 1
  : CorruptedMyrmidon
  ? idx: 12
    version: 1
  : DreadAdmiralEliza
  ? idx: 13
    version: 1
  : Waverider
  ? idx: 14
    version: 1
  : StoneElemental
- - ProposeAttack:
      attacker:
        idx: 2
        version: 1
      defender:
        idx: 9
        version: 1
      is_outer_phase: true
  - DeathCheck: ~
  - Attack:
      attacker:
        idx: 2
        version: 1
      defender:
        idx: 9
        version: 1
      is_outer_phase: true
  - TakeDamage:
      target:
        idx: 2
        version: 1
      amount: 3
      source:
        idx: 9
        version: 1
  - DeathCheck: ~
  - Death:
      minion:
        idx: 2
        version: 1
      source:
        idx: 4294967295
        version: 1
  - Remove:
      minion:
        idx: 2
        version: 1
  - AfterAttack:
      attacker:
        idx: 2
        version: 1
      defender:
        idx: 9
        version: 1
      is_outer_phase: true
  - DeathCheck: ~
  - ProposeAttack:
      attacker:
        idx: 1
        version: 1
      defender:
        idx: 12
        version: 1
      is_outer_phase: true
  - DeathCheck: ~
  - Attack:
      attacker:
        idx: 1
        version: 1
      defender:
        idx: 12
        version: 1
      is_outer_phase: true
  - TakeDamage:
      target:
        idx: 12
        version: 1
      amount: 6
      source:
        idx: 1
        version: 1
  - TakeDamage:
      target:
        idx: 1
        version: 1
      amount: 6
      source:
        idx: 12
        version: 1
  - DeathCheck: ~
  - Death:
      minion:
        idx: 1
        version: 1
      source:
        idx: 4294967295
        version: 1
  - Remove:
      minion:
        idx: 1
        version: 1
  - AfterAttack:
      attacker:
        idx: 1
        version: 1
      defender:
        idx: 12
        version: 1
      is_outer_phase: true
  - DeathCheck: ~
  - ProposeAttack:
      attacker:
        idx: 4
        version: 1
      defender:
        idx: 9
        version: 1
      is_outer_phase: true
  - DeathCheck: ~
  - Attack:
      attacker:
        idx: 4
        version: 1
      defender:
        idx: 9
        version: 1
      is_outer_phase: true
  - TakeDamage:
      target:
        idx: 9
        version: 1
      amount: 4
      source:
        idx: 4
        version: 1
  - TakeDamage:
      target:
        idx: 4
        version: 1
      amount: 3
      source:
        idx: 9
        version: 1
  - DeathCheck: ~
  - Death:
      minion:
        idx: 4
        version: 1
      source:
        idx: 4294967295
        version: 1
  - Remove:
      minion:
        idx: 4
        version: 1
  - AfterAttack:
      attacker:
        idx: 4
        version: 1
      defender:
        idx: 9
        version: 1
      is_outer_phase: true
  - DeathCheck: ~
  - ProposeAttack:
      attacker:
        idx: 3
        version: 1
      defender:
        idx: 12
        version: 1
      is_outer_phase: true
  - DeathCheck: ~
  - Attack:
      attacker:
        idx: 3
        version: 1
      defender:
        idx: 12
        version: 1
      is_outer_phase: true
  - TakeDamage:
      target:
        idx: 12
        version: 1
      amount: 3
      source:
        idx: 3
        version: 1
  - TakeDamage:
      target:
        idx: 3
        version: 1
      amount: 6
      source:
        idx: 12
        version: 1
  - DeathCheck: ~
  - Death:
      minion:
        idx: 12
        version: 1
      source:
        idx: 4294967295
        version: 1
  - Remove:
      minion:
        idx: 12
        version: 1
  - Death:
      minion:
        idx: 3
        version: 1
      source:
        idx: 4294967295
        version: 1
  - Remove:
      minion:
        idx: 3
        version: 1
  - AfterAttack:
      attacker:
        idx: 3
        version: 1
      defender:
        idx: 12
        version: 1
      is_outer_phase: true
  - DeathCheck: ~
  - ProposeAttack:
      attacker:
        idx: 6
        version: 1
      defender:
        idx: 9
        version: 1
      is_outer_phase: true
  - DeathCheck: ~
  - Attack:
      attacker:
        idx: 6
        version: 1
      defender:
        idx: 9
        version: 1
      is_outer_phase: true
  - TakeDamage:
      target:
        idx: 9
        version: 1
      amount: 3
      source:
        idx: 6
        version: 1
  - TakeDamage:
      target:
        idx: 6
        version: 1
      amount: 3
      source:
        idx: 9
        version: 1
  - DeathCheck: ~
  - Death:
      minion:
        idx: 6
        version: 1
      source:
        idx: 4294967295
        version: 1
  - Remove:
      minion:
        idx: 6
        version: 1
  - Death:
      minion:
        idx: 9
        version: 1
      source:
        idx: 4294967295
        version: 1
  - Remove:
      minion:
        idx: 9
        version: 1
  - AfterAttack:
      attacker:
        idx: 6
        version: 1
      defender:
        idx: 9
        version: 1
      is_outer_phase: true
  - DeathCheck: ~
  - ProposeAttack:
      attacker:
        idx: 5
        version: 1
      defender:
        idx: 14
        version: 1
      is_outer_phase: true
  - DeathCheck: ~
  - Attack:
      attacker:
        idx: 5
        version: 1
      defender:
        idx: 14
        version: 1
      is_outer_phase: true
  - TakeDamage:
      target:
        idx: 14
        version: 1
      amount: 8
      source:
        idx: 5
        version: 1
  - TakeDamage:
      target:
        idx: 5
        version: 1
      amount: 1
      source:
        idx: 14
        version: 1
  - DeathCheck: ~
  - Death:
      minion:
        idx: 14
        version: 1
      source:
        idx: 4294967295
        version: 1
  - Remove:
      minion:
        idx: 14
        version: 1
  - AfterAttack:
      attacker:
        idx: 5
        version: 1
      defender:
        idx: 14
        version: 1
      is_outer_phase: true
  - DeathCheck: ~
  - ProposeAttack:
      attacker:
        idx: 5
        version: 1
      defender:
        idx: 8
        version: 1
      is_outer_phase: true
  - DeathCheck: ~
  - Attack:
      attacker:
        idx: 5
        version: 1
      defender:
        idx: 8
        version: 1
      is_outer_phase: true
  - TakeDamage:
      target:
        idx: 8
        version: 1
      amount: 8
      source:
        idx: 5
        version: 1
  - TakeDamage:
      target:
        idx: 5
        version: 1
      amount: 3
      source:
        idx: 8
        version: 1
  - DeathCheck: ~
  - Death:
      minion:
        idx: 8
        version: 1
      source:
        idx: 4294967295
        version: 1
  - Remove:
      minion:
        idx: 8
        version: 1
  - AfterAttack:
      attacker:
        idx: 5
        version: 1
      defender:
        idx: 8
        version: 1
      is_outer_phase: true
  - DeathCheck: ~
  - ProposeAttack:
      attacker:
        idx: 10
        version: 1
      defender:
        idx: 7
        version: 1
      is_outer_phase: true
  - DeathCheck: ~
  - Attack:
      attacker:
        idx: 10
        version: 1
      defender:
        idx: 7
        version: 1
      is_outer_phase: true
  - TakeDamage:
      target:
        idx: 7
        version: 1
      amount: 2
      source:
        idx: 10
        version: 1
  - TakeDamage:
      target:
        idx: 10
        version: 1
      amount: 8
      source:
        idx: 7
        version: 1
  - DeathCheck: ~
  - Death:
      minion:
        idx: 10
        version: 1
      source:
        idx: 4294967295
        version: 1
  - Remove:
      minion:
        idx: 10
        version: 1
  - AfterAttack:
      attacker:
        idx: 10
        version: 1
      defender:
        idx: 7
        version: 1
      is_outer_phase: true
  - DeathCheck: ~
  - End: BottomWin

