---
source: tests/snapshot_tests.rs
expression: "(minions, recording)"
---
- ? idx: 1
    version: 1
  : Soul Rewinder
  ? idx: 2
    version: 1
  : Golden Southsea Captain
  ? idx: 3
    version: 1
  : Upbeat Impressionist
  ? idx: 4
    version: 1
  : Recurring Nightmare
  ? idx: 5
    version: 1
  : Golden Witchwing Nestmatron
  ? idx: 6
    version: 1
  : Golden Yo-Ho-Ogre
  ? idx: 7
    version: 1
  : Golden Robosaur
  ? idx: 8
    version: 1
  : Golden Rock Rock
  ? idx: 9
    version: 1
  : Golden Brann Bronzebeard
  ? idx: 10
    version: 1
  : Bristleback Knight
  ? idx: 11
    version: 1
  : Seafood Slinger
  ? idx: 12
    version: 1
  : Golden Record Smuggler
  ? idx: 13
    version: 1
  : Golden Greta Gold-Gun
  ? idx: 14
    version: 1
  : Bristlemane Scrapsmith
- - ProposeAttack:
      attacker:
        idx: 2
        version: 1
      defender:
        idx: 5
        version: 1
      is_outer_phase: true
  - DeathCheck: ~
  - Attack:
      attacker:
        idx: 2
        version: 1
      defender:
        idx: 5
        version: 1
      is_outer_phase: true
  - TakeDamage:
      target:
        idx: 5
        version: 1
      amount: 6
      source:
        idx: 2
        version: 1
  - TakeDamage:
      target:
        idx: 2
        version: 1
      amount: 6
      source:
        idx: 5
        version: 1
  - DeathCheck: ~
  - Death:
      minion:
        idx: 2
        version: 1
      source:
        idx: 4294967295
        version: 1
  - Remove:
      minion:
        idx: 2
        version: 1
  - AfterAttack:
      attacker:
        idx: 2
        version: 1
      defender:
        idx: 5
        version: 1
      is_outer_phase: true
  - DeathCheck: ~
  - ProposeAttack:
      attacker:
        idx: 1
        version: 1
      defender:
        idx: 6
        version: 1
      is_outer_phase: true
  - DeathCheck: ~
  - Attack:
      attacker:
        idx: 1
        version: 1
      defender:
        idx: 6
        version: 1
      is_outer_phase: true
  - TakeDamage:
      target:
        idx: 6
        version: 1
      amount: 3
      source:
        idx: 1
        version: 1
  - TakeDamage:
      target:
        idx: 1
        version: 1
      amount: 6
      source:
        idx: 6
        version: 1
  - DeathCheck: ~
  - Death:
      minion:
        idx: 1
        version: 1
      source:
        idx: 4294967295
        version: 1
  - Remove:
      minion:
        idx: 1
        version: 1
  - AfterAttack:
      attacker:
        idx: 1
        version: 1
      defender:
        idx: 6
        version: 1
      is_outer_phase: true
  - DeathCheck: ~
  - ProposeAttack:
      attacker:
        idx: 4
        version: 1
      defender:
        idx: 7
        version: 1
      is_outer_phase: true
  - DeathCheck: ~
  - Attack:
      attacker:
        idx: 4
        version: 1
      defender:
        idx: 7
        version: 1
      is_outer_phase: true
  - TakeDamage:
      target:
        idx: 7
        version: 1
      amount: 8
      source:
        idx: 4
        version: 1
  - TakeDamage:
      target:
        idx: 4
        version: 1
      amount: 16
      source:
        idx: 7
        version: 1
  - DeathCheck: ~
  - Death:
      minion:
        idx: 4
        version: 1
      source:
        idx: 4294967295
        version: 1
  - Remove:
      minion:
        idx: 4
        version: 1
  - AfterAttack:
      attacker:
        idx: 4
        version: 1
      defender:
        idx: 7
        version: 1
      is_outer_phase: true
  - DeathCheck: ~
  - ProposeAttack:
      attacker:
        idx: 3
        version: 1
      defender:
        idx: 6
        version: 1
      is_outer_phase: true
  - DeathCheck: ~
  - Attack:
      attacker:
        idx: 3
        version: 1
      defender:
        idx: 6
        version: 1
      is_outer_phase: true
  - TakeDamage:
      target:
        idx: 6
        version: 1
      amount: 8
      source:
        idx: 3
        version: 1
  - TakeDamage:
      target:
        idx: 3
        version: 1
      amount: 6
      source:
        idx: 6
        version: 1
  - DeathCheck: ~
  - Death:
      minion:
        idx: 3
        version: 1
      source:
        idx: 4294967295
        version: 1
  - Remove:
      minion:
        idx: 3
        version: 1
  - AfterAttack:
      attacker:
        idx: 3
        version: 1
      defender:
        idx: 6
        version: 1
      is_outer_phase: true
  - DeathCheck: ~
  - ProposeAttack:
      attacker:
        idx: 6
        version: 1
      defender:
        idx: 13
        version: 1
      is_outer_phase: true
  - DeathCheck: ~
  - Attack:
      attacker:
        idx: 6
        version: 1
      defender:
        idx: 13
        version: 1
      is_outer_phase: true
  - TakeDamage:
      target:
        idx: 13
        version: 1
      amount: 6
      source:
        idx: 6
        version: 1
  - TakeDamage:
      target:
        idx: 6
        version: 1
      amount: 4
      source:
        idx: 13
        version: 1
  - DeathCheck: ~
  - Death:
      minion:
        idx: 6
        version: 1
      source:
        idx: 4294967295
        version: 1
  - Remove:
      minion:
        idx: 6
        version: 1
  - AfterAttack:
      attacker:
        idx: 6
        version: 1
      defender:
        idx: 13
        version: 1
      is_outer_phase: true
  - DeathCheck: ~
  - ProposeAttack:
      attacker:
        idx: 5
        version: 1
      defender:
        idx: 10
        version: 1
      is_outer_phase: true
  - DeathCheck: ~
  - Attack:
      attacker:
        idx: 5
        version: 1
      defender:
        idx: 10
        version: 1
      is_outer_phase: true
  - TakeDamage:
      target:
        idx: 5
        version: 1
      amount: 6
      source:
        idx: 10
        version: 1
  - DeathCheck: ~
  - Death:
      minion:
        idx: 5
        version: 1
      source:
        idx: 4294967295
        version: 1
  - Remove:
      minion:
        idx: 5
        version: 1
  - AfterAttack:
      attacker:
        idx: 5
        version: 1
      defender:
        idx: 10
        version: 1
      is_outer_phase: true
  - DeathCheck: ~
  - ProposeAttack:
      attacker:
        idx: 8
        version: 1
      defender:
        idx: 13
        version: 1
      is_outer_phase: true
  - DeathCheck: ~
  - Attack:
      attacker:
        idx: 8
        version: 1
      defender:
        idx: 13
        version: 1
      is_outer_phase: true
  - TakeDamage:
      target:
        idx: 13
        version: 1
      amount: 8
      source:
        idx: 8
        version: 1
  - TakeDamage:
      target:
        idx: 8
        version: 1
      amount: 4
      source:
        idx: 13
        version: 1
  - DeathCheck: ~
  - AfterAttack:
      attacker:
        idx: 8
        version: 1
      defender:
        idx: 13
        version: 1
      is_outer_phase: true
  - DeathCheck: ~
  - ProposeAttack:
      attacker:
        idx: 7
        version: 1
      defender:
        idx: 10
        version: 1
      is_outer_phase: true
  - DeathCheck: ~
  - Attack:
      attacker:
        idx: 7
        version: 1
      defender:
        idx: 10
        version: 1
      is_outer_phase: true
  - TakeDamage:
      target:
        idx: 10
        version: 1
      amount: 16
      source:
        idx: 7
        version: 1
  - TakeDamage:
      target:
        idx: 7
        version: 1
      amount: 6
      source:
        idx: 10
        version: 1
  - DeathCheck: ~
  - Death:
      minion:
        idx: 10
        version: 1
      source:
        idx: 4294967295
        version: 1
  - Remove:
      minion:
        idx: 10
        version: 1
  - AfterAttack:
      attacker:
        idx: 7
        version: 1
      defender:
        idx: 10
        version: 1
      is_outer_phase: true
  - DeathCheck: ~
  - ProposeAttack:
      attacker:
        idx: 12
        version: 1
      defender:
        idx: 7
        version: 1
      is_outer_phase: true
  - DeathCheck: ~
  - Attack:
      attacker:
        idx: 12
        version: 1
      defender:
        idx: 7
        version: 1
      is_outer_phase: true
  - TakeDamage:
      target:
        idx: 7
        version: 1
      amount: 10
      source:
        idx: 12
        version: 1
  - TakeDamage:
      target:
        idx: 12
        version: 1
      amount: 16
      source:
        idx: 7
        version: 1
  - DeathCheck: ~
  - Death:
      minion:
        idx: 12
        version: 1
      source:
        idx: 4294967295
        version: 1
  - Remove:
      minion:
        idx: 12
        version: 1
  - Death:
      minion:
        idx: 7
        version: 1
      source:
        idx: 4294967295
        version: 1
  - Remove:
      minion:
        idx: 7
        version: 1
  - AfterAttack:
      attacker:
        idx: 12
        version: 1
      defender:
        idx: 7
        version: 1
      is_outer_phase: true
  - DeathCheck: ~
  - ProposeAttack:
      attacker:
        idx: 9
        version: 1
      defender:
        idx: 14
        version: 1
      is_outer_phase: true
  - DeathCheck: ~
  - Attack:
      attacker:
        idx: 9
        version: 1
      defender:
        idx: 14
        version: 1
      is_outer_phase: true
  - TakeDamage:
      target:
        idx: 14
        version: 1
      amount: 4
      source:
        idx: 9
        version: 1
  - TakeDamage:
      target:
        idx: 9
        version: 1
      amount: 4
      source:
        idx: 14
        version: 1
  - DeathCheck: ~
  - Death:
      minion:
        idx: 14
        version: 1
      source:
        idx: 4294967295
        version: 1
  - Remove:
      minion:
        idx: 14
        version: 1
  - AfterAttack:
      attacker:
        idx: 9
        version: 1
      defender:
        idx: 14
        version: 1
      is_outer_phase: true
  - DeathCheck: ~
  - ProposeAttack:
      attacker:
        idx: 8
        version: 1
      defender:
        idx: 13
        version: 1
      is_outer_phase: true
  - DeathCheck: ~
  - Attack:
      attacker:
        idx: 8
        version: 1
      defender:
        idx: 13
        version: 1
      is_outer_phase: true
  - TakeDamage:
      target:
        idx: 13
        version: 1
      amount: 8
      source:
        idx: 8
        version: 1
  - TakeDamage:
      target:
        idx: 8
        version: 1
      amount: 4
      source:
        idx: 13
        version: 1
  - DeathCheck: ~
  - Death:
      minion:
        idx: 8
        version: 1
      source:
        idx: 4294967295
        version: 1
  - Remove:
      minion:
        idx: 8
        version: 1
  - Death:
      minion:
        idx: 13
        version: 1
      source:
        idx: 4294967295
        version: 1
  - Remove:
      minion:
        idx: 13
        version: 1
  - AfterAttack:
      attacker:
        idx: 8
        version: 1
      defender:
        idx: 13
        version: 1
      is_outer_phase: true
  - DeathCheck: ~
  - End: BottomWin

