---
source: tests/snapshot_tests.rs
expression: "(minions, recording)"
---
- ? idx: 1
    version: 1
  : UtherTheLightbringer
  ? idx: 2
    version: 1
  : DozyWhelp
  ? idx: 3
    version: 1
  : BrinyBootlegger
  ? idx: 4
    version: 1
  : RylakMetalhead
  ? idx: 5
    version: 1
  : PalescaleCrocolisk
  ? idx: 6
    version: 1
  : RingMatron
  ? idx: 7
    version: 1
  : TideOracleMorgl
  ? idx: 8
    version: 1
  : PickyEater
  ? idx: 9
    version: 1
  : HolyMecherel
  ? idx: 10
    version: 1
  : ColdlightSeer
  ? idx: 11
    version: 1
  : FieryImp
  ? idx: 12
    version: 1
  : BristlebackKnight
  ? idx: 13
    version: 1
  : HandlessForsaken
  ? idx: 14
    version: 1
  : NerubianDeathswarmer
- - ProposeAttack:
      attacker:
        idx: 1
        version: 1
      defender:
        idx: 4
        version: 1
      is_outer_phase: true
  - ActivateEffect:
      generic_associated_event_handler:
        ProposeAttack:
          event:
            attacker:
              idx: 1
              version: 1
            defender:
              idx: 4
              version: 1
            is_outer_phase: true
          ass_handler:
            minion:
              idx: 2
              version: 1
  - DeathCheck: ~
  - Attack:
      attacker:
        idx: 1
        version: 1
      defender:
        idx: 4
        version: 1
      is_outer_phase: true
  - TakeDamage:
      target:
        idx: 4
        version: 1
      amount: 5
      source:
        idx: 1
        version: 1
  - TakeDamage:
      target:
        idx: 1
        version: 1
      amount: 3
      source:
        idx: 4
        version: 1
  - DeathCheck: ~
  - Death:
      minion:
        idx: 4
        version: 1
      source:
        idx: 4294967295
        version: 1
  - Remove:
      minion:
        idx: 4
        version: 1
  - AfterAttack:
      attacker:
        idx: 1
        version: 1
      defender:
        idx: 4
        version: 1
      is_outer_phase: true
  - DeathCheck: ~
  - ProposeAttack:
      attacker:
        idx: 6
        version: 1
      defender:
        idx: 13
        version: 1
      is_outer_phase: true
  - ActivateEffect:
      generic_associated_event_handler:
        ProposeAttack:
          event:
            attacker:
              idx: 6
              version: 1
            defender:
              idx: 13
              version: 1
            is_outer_phase: true
          ass_handler:
            minion:
              idx: 2
              version: 1
  - DeathCheck: ~
  - Attack:
      attacker:
        idx: 6
        version: 1
      defender:
        idx: 13
        version: 1
      is_outer_phase: true
  - TakeDamage:
      target:
        idx: 13
        version: 1
      amount: 6
      source:
        idx: 6
        version: 1
  - TakeDamage:
      target:
        idx: 6
        version: 1
      amount: 2
      source:
        idx: 13
        version: 1
  - DeathCheck: ~
  - Death:
      minion:
        idx: 13
        version: 1
      source:
        idx: 4294967295
        version: 1
  - Remove:
      minion:
        idx: 13
        version: 1
  - AfterAttack:
      attacker:
        idx: 6
        version: 1
      defender:
        idx: 13
        version: 1
      is_outer_phase: true
  - DeathCheck: ~
  - ProposeAttack:
      attacker:
        idx: 3
        version: 1
      defender:
        idx: 6
        version: 1
      is_outer_phase: true
  - ActivateEffect:
      generic_associated_event_handler:
        ProposeAttack:
          event:
            attacker:
              idx: 3
              version: 1
            defender:
              idx: 6
              version: 1
            is_outer_phase: true
          ass_handler:
            minion:
              idx: 2
              version: 1
  - DeathCheck: ~
  - Attack:
      attacker:
        idx: 3
        version: 1
      defender:
        idx: 6
        version: 1
      is_outer_phase: true
  - TakeDamage:
      target:
        idx: 6
        version: 1
      amount: 4
      source:
        idx: 3
        version: 1
  - TakeDamage:
      target:
        idx: 3
        version: 1
      amount: 6
      source:
        idx: 6
        version: 1
  - DeathCheck: ~
  - Death:
      minion:
        idx: 6
        version: 1
      source:
        idx: 4294967295
        version: 1
  - Remove:
      minion:
        idx: 6
        version: 1
  - Death:
      minion:
        idx: 3
        version: 1
      source:
        idx: 4294967295
        version: 1
  - Remove:
      minion:
        idx: 3
        version: 1
  - AfterAttack:
      attacker:
        idx: 3
        version: 1
      defender:
        idx: 6
        version: 1
      is_outer_phase: true
  - DeathCheck: ~
  - ProposeAttack:
      attacker:
        idx: 8
        version: 1
      defender:
        idx: 11
        version: 1
      is_outer_phase: true
  - ActivateEffect:
      generic_associated_event_handler:
        ProposeAttack:
          event:
            attacker:
              idx: 8
              version: 1
            defender:
              idx: 11
              version: 1
            is_outer_phase: true
          ass_handler:
            minion:
              idx: 2
              version: 1
  - DeathCheck: ~
  - Attack:
      attacker:
        idx: 8
        version: 1
      defender:
        idx: 11
        version: 1
      is_outer_phase: true
  - TakeDamage:
      target:
        idx: 11
        version: 1
      amount: 1
      source:
        idx: 8
        version: 1
  - TakeDamage:
      target:
        idx: 8
        version: 1
      amount: 3
      source:
        idx: 11
        version: 1
  - DeathCheck: ~
  - Death:
      minion:
        idx: 8
        version: 1
      source:
        idx: 4294967295
        version: 1
  - Remove:
      minion:
        idx: 8
        version: 1
  - AfterAttack:
      attacker:
        idx: 8
        version: 1
      defender:
        idx: 11
        version: 1
      is_outer_phase: true
  - DeathCheck: ~
  - ProposeAttack:
      attacker:
        idx: 5
        version: 1
      defender:
        idx: 2
        version: 1
      is_outer_phase: true
  - ActivateEffect:
      generic_associated_event_handler:
        ProposeAttack:
          event:
            attacker:
              idx: 5
              version: 1
            defender:
              idx: 2
              version: 1
            is_outer_phase: true
          ass_handler:
            minion:
              idx: 2
              version: 1
  - StatBuff:
      target:
        idx: 2
        version: 1
      attack: 1
      health: 0
  - DeathCheck: ~
  - Attack:
      attacker:
        idx: 5
        version: 1
      defender:
        idx: 2
        version: 1
      is_outer_phase: true
  - TakeDamage:
      target:
        idx: 2
        version: 1
      amount: 4
      source:
        idx: 5
        version: 1
  - TakeDamage:
      target:
        idx: 5
        version: 1
      amount: 1
      source:
        idx: 2
        version: 1
  - DeathCheck: ~
  - Death:
      minion:
        idx: 2
        version: 1
      source:
        idx: 4294967295
        version: 1
  - Remove:
      minion:
        idx: 2
        version: 1
  - AfterAttack:
      attacker:
        idx: 5
        version: 1
      defender:
        idx: 2
        version: 1
      is_outer_phase: true
  - DeathCheck: ~
  - ProposeAttack:
      attacker:
        idx: 10
        version: 1
      defender:
        idx: 11
        version: 1
      is_outer_phase: true
  - ActivateEffect:
      generic_associated_event_handler:
        ProposeAttack:
          event:
            attacker:
              idx: 10
              version: 1
            defender:
              idx: 11
              version: 1
            is_outer_phase: true
          ass_handler:
            minion:
              idx: 2
              version: 1
  - DeathCheck: ~
  - Attack:
      attacker:
        idx: 10
        version: 1
      defender:
        idx: 11
        version: 1
      is_outer_phase: true
  - TakeDamage:
      target:
        idx: 11
        version: 1
      amount: 2
      source:
        idx: 10
        version: 1
  - TakeDamage:
      target:
        idx: 10
        version: 1
      amount: 3
      source:
        idx: 11
        version: 1
  - DeathCheck: ~
  - Death:
      minion:
        idx: 10
        version: 1
      source:
        idx: 4294967295
        version: 1
  - Remove:
      minion:
        idx: 10
        version: 1
  - Death:
      minion:
        idx: 11
        version: 1
      source:
        idx: 4294967295
        version: 1
  - Remove:
      minion:
        idx: 11
        version: 1
  - AfterAttack:
      attacker:
        idx: 10
        version: 1
      defender:
        idx: 11
        version: 1
      is_outer_phase: true
  - DeathCheck: ~
  - ProposeAttack:
      attacker:
        idx: 5
        version: 1
      defender:
        idx: 14
        version: 1
      is_outer_phase: true
  - ActivateEffect:
      generic_associated_event_handler:
        ProposeAttack:
          event:
            attacker:
              idx: 5
              version: 1
            defender:
              idx: 14
              version: 1
            is_outer_phase: true
          ass_handler:
            minion:
              idx: 2
              version: 1
  - DeathCheck: ~
  - Attack:
      attacker:
        idx: 5
        version: 1
      defender:
        idx: 14
        version: 1
      is_outer_phase: true
  - TakeDamage:
      target:
        idx: 14
        version: 1
      amount: 4
      source:
        idx: 5
        version: 1
  - TakeDamage:
      target:
        idx: 5
        version: 1
      amount: 1
      source:
        idx: 14
        version: 1
  - DeathCheck: ~
  - Death:
      minion:
        idx: 14
        version: 1
      source:
        idx: 4294967295
        version: 1
  - Remove:
      minion:
        idx: 14
        version: 1
  - AfterAttack:
      attacker:
        idx: 5
        version: 1
      defender:
        idx: 14
        version: 1
      is_outer_phase: true
  - DeathCheck: ~
  - ProposeAttack:
      attacker:
        idx: 12
        version: 1
      defender:
        idx: 9
        version: 1
      is_outer_phase: true
  - ActivateEffect:
      generic_associated_event_handler:
        ProposeAttack:
          event:
            attacker:
              idx: 12
              version: 1
            defender:
              idx: 9
              version: 1
            is_outer_phase: true
          ass_handler:
            minion:
              idx: 2
              version: 1
  - DeathCheck: ~
  - Attack:
      attacker:
        idx: 12
        version: 1
      defender:
        idx: 9
        version: 1
      is_outer_phase: true
  - TakeDamage:
      target:
        idx: 9
        version: 1
      amount: 6
      source:
        idx: 12
        version: 1
  - DeathCheck: ~
  - Death:
      minion:
        idx: 9
        version: 1
      source:
        idx: 4294967295
        version: 1
  - Remove:
      minion:
        idx: 9
        version: 1
  - AfterAttack:
      attacker:
        idx: 12
        version: 1
      defender:
        idx: 9
        version: 1
      is_outer_phase: true
  - DeathCheck: ~
  - ProposeAttack:
      attacker:
        idx: 12
        version: 1
      defender:
        idx: 1
        version: 1
      is_outer_phase: true
  - ActivateEffect:
      generic_associated_event_handler:
        ProposeAttack:
          event:
            attacker:
              idx: 12
              version: 1
            defender:
              idx: 1
              version: 1
            is_outer_phase: true
          ass_handler:
            minion:
              idx: 2
              version: 1
  - DeathCheck: ~
  - Attack:
      attacker:
        idx: 12
        version: 1
      defender:
        idx: 1
        version: 1
      is_outer_phase: true
  - TakeDamage:
      target:
        idx: 1
        version: 1
      amount: 6
      source:
        idx: 12
        version: 1
  - TakeDamage:
      target:
        idx: 12
        version: 1
      amount: 5
      source:
        idx: 1
        version: 1
  - DeathCheck: ~
  - Death:
      minion:
        idx: 1
        version: 1
      source:
        idx: 4294967295
        version: 1
  - Remove:
      minion:
        idx: 1
        version: 1
  - AfterAttack:
      attacker:
        idx: 12
        version: 1
      defender:
        idx: 1
        version: 1
      is_outer_phase: true
  - DeathCheck: ~
  - ProposeAttack:
      attacker:
        idx: 5
        version: 1
      defender:
        idx: 12
        version: 1
      is_outer_phase: true
  - ActivateEffect:
      generic_associated_event_handler:
        ProposeAttack:
          event:
            attacker:
              idx: 5
              version: 1
            defender:
              idx: 12
              version: 1
            is_outer_phase: true
          ass_handler:
            minion:
              idx: 2
              version: 1
  - DeathCheck: ~
  - Attack:
      attacker:
        idx: 5
        version: 1
      defender:
        idx: 12
        version: 1
      is_outer_phase: true
  - TakeDamage:
      target:
        idx: 12
        version: 1
      amount: 4
      source:
        idx: 5
        version: 1
  - TakeDamage:
      target:
        idx: 5
        version: 1
      amount: 6
      source:
        idx: 12
        version: 1
  - DeathCheck: ~
  - Death:
      minion:
        idx: 12
        version: 1
      source:
        idx: 4294967295
        version: 1
  - Remove:
      minion:
        idx: 12
        version: 1
  - Death:
      minion:
        idx: 5
        version: 1
      source:
        idx: 4294967295
        version: 1
  - Remove:
      minion:
        idx: 5
        version: 1
  - AfterAttack:
      attacker:
        idx: 5
        version: 1
      defender:
        idx: 12
        version: 1
      is_outer_phase: true
  - DeathCheck: ~
  - End: BottomWin

