---
source: tests/snapshot_tests.rs
expression: "(minions, recording)"
---
- ? idx: 1
    version: 1
  : Golden Bannerboar
  ? idx: 2
    version: 1
  : Golden Qiraji Harbinger
  ? idx: 3
    version: 1
  : Primalfin Lookout
  ? idx: 4
    version: 1
  : Golden Emperor Cobra
  ? idx: 5
    version: 1
  : Golden Baltharak
  ? idx: 6
    version: 1
  : Golden Sewer Rat
  ? idx: 7
    version: 1
  : Golden Blade Collector
  ? idx: 8
    version: 1
  : Golden Yo-Ho-Ogre
  ? idx: 9
    version: 1
  : Golden Polarizing Beatboxer
  ? idx: 10
    version: 1
  : Golden Pupbot
  ? idx: 11
    version: 1
  : Nightmare Amalgam
  ? idx: 12
    version: 1
  : Golden Primalfin Lookout
  ? idx: 13
    version: 1
  : Shudderling
  ? idx: 14
    version: 1
  : Strongshell Scavenger
- - AuraUpdate: ~
  - DeathCheck: ~
  - ProposeAttack:
      attacker:
        idx: 2
        version: 1
      defender:
        idx: 1
        version: 1
      is_outer_phase: true
  - AuraUpdate: ~
  - DeathCheck: ~
  - Attack:
      attacker:
        idx: 2
        version: 1
      defender:
        idx: 1
        version: 1
      is_outer_phase: true
  - TakeDamage:
      target:
        idx: 1
        version: 1
      amount: 10
      source:
        idx: 2
        version: 1
  - TakeDamage:
      target:
        idx: 2
        version: 1
      amount: 6
      source:
        idx: 1
        version: 1
  - ActivateEffect:
      generic_associated_event_handler:
        Attack:
          event:
            attacker:
              idx: 2
              version: 1
            defender:
              idx: 1
              version: 1
            is_outer_phase: true
          ass_handler:
            minion:
              idx: 7
              version: 1
  - AuraUpdate: ~
  - DeathCheck: ~
  - Death:
      minion:
        idx: 1
        version: 1
      source:
        idx: 4294967295
        version: 1
  - Remove:
      minion:
        idx: 1
        version: 1
  - AfterAttack:
      attacker:
        idx: 2
        version: 1
      defender:
        idx: 1
        version: 1
      is_outer_phase: true
  - AuraUpdate: ~
  - DeathCheck: ~
  - ProposeAttack:
      attacker:
        idx: 3
        version: 1
      defender:
        idx: 8
        version: 1
      is_outer_phase: true
  - AuraUpdate: ~
  - DeathCheck: ~
  - Attack:
      attacker:
        idx: 3
        version: 1
      defender:
        idx: 8
        version: 1
      is_outer_phase: true
  - TakeDamage:
      target:
        idx: 8
        version: 1
      amount: 3
      source:
        idx: 3
        version: 1
  - TakeDamage:
      target:
        idx: 3
        version: 1
      amount: 6
      source:
        idx: 8
        version: 1
  - ActivateEffect:
      generic_associated_event_handler:
        Attack:
          event:
            attacker:
              idx: 3
              version: 1
            defender:
              idx: 8
              version: 1
            is_outer_phase: true
          ass_handler:
            minion:
              idx: 7
              version: 1
  - AuraUpdate: ~
  - DeathCheck: ~
  - Death:
      minion:
        idx: 3
        version: 1
      source:
        idx: 4294967295
        version: 1
  - Remove:
      minion:
        idx: 3
        version: 1
  - AfterAttack:
      attacker:
        idx: 3
        version: 1
      defender:
        idx: 8
        version: 1
      is_outer_phase: true
  - AuraUpdate: ~
  - DeathCheck: ~
  - ProposeAttack:
      attacker:
        idx: 4
        version: 1
      defender:
        idx: 11
        version: 1
      is_outer_phase: true
  - AuraUpdate: ~
  - DeathCheck: ~
  - Attack:
      attacker:
        idx: 4
        version: 1
      defender:
        idx: 11
        version: 1
      is_outer_phase: true
  - TakeDamage:
      target:
        idx: 11
        version: 1
      amount: 4
      source:
        idx: 4
        version: 1
  - TakeDamage:
      target:
        idx: 4
        version: 1
      amount: 3
      source:
        idx: 11
        version: 1
  - ActivateEffect:
      generic_associated_event_handler:
        Attack:
          event:
            attacker:
              idx: 4
              version: 1
            defender:
              idx: 11
              version: 1
            is_outer_phase: true
          ass_handler:
            minion:
              idx: 7
              version: 1
  - AuraUpdate: ~
  - DeathCheck: ~
  - Death:
      minion:
        idx: 11
        version: 1
      source:
        idx: 4294967295
        version: 1
  - Remove:
      minion:
        idx: 11
        version: 1
  - AfterAttack:
      attacker:
        idx: 4
        version: 1
      defender:
        idx: 11
        version: 1
      is_outer_phase: true
  - AuraUpdate: ~
  - DeathCheck: ~
  - ProposeAttack:
      attacker:
        idx: 5
        version: 1
      defender:
        idx: 8
        version: 1
      is_outer_phase: true
  - AuraUpdate: ~
  - DeathCheck: ~
  - Attack:
      attacker:
        idx: 5
        version: 1
      defender:
        idx: 8
        version: 1
      is_outer_phase: true
  - TakeDamage:
      target:
        idx: 8
        version: 1
      amount: 20
      source:
        idx: 5
        version: 1
  - TakeDamage:
      target:
        idx: 5
        version: 1
      amount: 6
      source:
        idx: 8
        version: 1
  - ActivateEffect:
      generic_associated_event_handler:
        Attack:
          event:
            attacker:
              idx: 5
              version: 1
            defender:
              idx: 8
              version: 1
            is_outer_phase: true
          ass_handler:
            minion:
              idx: 7
              version: 1
  - AuraUpdate: ~
  - DeathCheck: ~
  - Death:
      minion:
        idx: 8
        version: 1
      source:
        idx: 4294967295
        version: 1
  - Remove:
      minion:
        idx: 8
        version: 1
  - Death:
      minion:
        idx: 5
        version: 1
      source:
        idx: 4294967295
        version: 1
  - Remove:
      minion:
        idx: 5
        version: 1
  - AfterAttack:
      attacker:
        idx: 5
        version: 1
      defender:
        idx: 8
        version: 1
      is_outer_phase: true
  - AuraUpdate: ~
  - DeathCheck: ~
  - ProposeAttack:
      attacker:
        idx: 6
        version: 1
      defender:
        idx: 13
        version: 1
      is_outer_phase: true
  - AuraUpdate: ~
  - DeathCheck: ~
  - Attack:
      attacker:
        idx: 6
        version: 1
      defender:
        idx: 13
        version: 1
      is_outer_phase: true
  - TakeDamage:
      target:
        idx: 13
        version: 1
      amount: 6
      source:
        idx: 6
        version: 1
  - TakeDamage:
      target:
        idx: 6
        version: 1
      amount: 1
      source:
        idx: 13
        version: 1
  - ActivateEffect:
      generic_associated_event_handler:
        Attack:
          event:
            attacker:
              idx: 6
              version: 1
            defender:
              idx: 13
              version: 1
            is_outer_phase: true
          ass_handler:
            minion:
              idx: 7
              version: 1
  - AuraUpdate: ~
  - DeathCheck: ~
  - Death:
      minion:
        idx: 13
        version: 1
      source:
        idx: 4294967295
        version: 1
  - Remove:
      minion:
        idx: 13
        version: 1
  - AfterAttack:
      attacker:
        idx: 6
        version: 1
      defender:
        idx: 13
        version: 1
      is_outer_phase: true
  - AuraUpdate: ~
  - DeathCheck: ~
  - ProposeAttack:
      attacker:
        idx: 7
        version: 1
      defender:
        idx: 6
        version: 1
      is_outer_phase: true
  - AuraUpdate: ~
  - DeathCheck: ~
  - Attack:
      attacker:
        idx: 7
        version: 1
      defender:
        idx: 6
        version: 1
      is_outer_phase: true
  - TakeDamage:
      target:
        idx: 6
        version: 1
      amount: 6
      source:
        idx: 7
        version: 1
  - TakeDamage:
      target:
        idx: 7
        version: 1
      amount: 6
      source:
        idx: 6
        version: 1
  - ActivateEffect:
      generic_associated_event_handler:
        Attack:
          event:
            attacker:
              idx: 7
              version: 1
            defender:
              idx: 6
              version: 1
            is_outer_phase: true
          ass_handler:
            minion:
              idx: 7
              version: 1
  - TakeDamage:
      target:
        idx: 10
        version: 1
      amount: 6
      source:
        idx: 7
        version: 1
  - TakeDamage:
      target:
        idx: 4
        version: 1
      amount: 6
      source:
        idx: 7
        version: 1
  - AuraUpdate: ~
  - DeathCheck: ~
  - Death:
      minion:
        idx: 10
        version: 1
      source:
        idx: 4294967295
        version: 1
  - Remove:
      minion:
        idx: 10
        version: 1
  - Death:
      minion:
        idx: 6
        version: 1
      source:
        idx: 4294967295
        version: 1
  - Remove:
      minion:
        idx: 6
        version: 1
  - Death:
      minion:
        idx: 4
        version: 1
      source:
        idx: 4294967295
        version: 1
  - Remove:
      minion:
        idx: 4
        version: 1
  - Death:
      minion:
        idx: 7
        version: 1
      source:
        idx: 4294967295
        version: 1
  - Remove:
      minion:
        idx: 7
        version: 1
  - AfterAttack:
      attacker:
        idx: 7
        version: 1
      defender:
        idx: 6
        version: 1
      is_outer_phase: true
  - AuraUpdate: ~
  - DeathCheck: ~
  - ProposeAttack:
      attacker:
        idx: 12
        version: 1
      defender:
        idx: 9
        version: 1
      is_outer_phase: true
  - AuraUpdate: ~
  - DeathCheck: ~
  - Attack:
      attacker:
        idx: 12
        version: 1
      defender:
        idx: 9
        version: 1
      is_outer_phase: true
  - TakeDamage:
      target:
        idx: 9
        version: 1
      amount: 6
      source:
        idx: 12
        version: 1
  - TakeDamage:
      target:
        idx: 12
        version: 1
      amount: 10
      source:
        idx: 9
        version: 1
  - AuraUpdate: ~
  - DeathCheck: ~
  - Death:
      minion:
        idx: 12
        version: 1
      source:
        idx: 4294967295
        version: 1
  - Remove:
      minion:
        idx: 12
        version: 1
  - AfterAttack:
      attacker:
        idx: 12
        version: 1
      defender:
        idx: 9
        version: 1
      is_outer_phase: true
  - AuraUpdate: ~
  - DeathCheck: ~
  - ProposeAttack:
      attacker:
        idx: 9
        version: 1
      defender:
        idx: 14
        version: 1
      is_outer_phase: true
  - AuraUpdate: ~
  - DeathCheck: ~
  - Attack:
      attacker:
        idx: 9
        version: 1
      defender:
        idx: 14
        version: 1
      is_outer_phase: true
  - TakeDamage:
      target:
        idx: 14
        version: 1
      amount: 10
      source:
        idx: 9
        version: 1
  - TakeDamage:
      target:
        idx: 9
        version: 1
      amount: 2
      source:
        idx: 14
        version: 1
  - AuraUpdate: ~
  - DeathCheck: ~
  - Death:
      minion:
        idx: 14
        version: 1
      source:
        idx: 4294967295
        version: 1
  - Remove:
      minion:
        idx: 14
        version: 1
  - AfterAttack:
      attacker:
        idx: 9
        version: 1
      defender:
        idx: 14
        version: 1
      is_outer_phase: true
  - AuraUpdate: ~
  - DeathCheck: ~
  - ProposeAttack:
      attacker:
        idx: 2
        version: 1
      defender:
        idx: 9
        version: 1
      is_outer_phase: true
  - AuraUpdate: ~
  - DeathCheck: ~
  - Attack:
      attacker:
        idx: 2
        version: 1
      defender:
        idx: 9
        version: 1
      is_outer_phase: true
  - TakeDamage:
      target:
        idx: 9
        version: 1
      amount: 10
      source:
        idx: 2
        version: 1
  - TakeDamage:
      target:
        idx: 2
        version: 1
      amount: 10
      source:
        idx: 9
        version: 1
  - AuraUpdate: ~
  - DeathCheck: ~
  - Death:
      minion:
        idx: 2
        version: 1
      source:
        idx: 4294967295
        version: 1
  - Remove:
      minion:
        idx: 2
        version: 1
  - AfterAttack:
      attacker:
        idx: 2
        version: 1
      defender:
        idx: 9
        version: 1
      is_outer_phase: true
  - AuraUpdate: ~
  - DeathCheck: ~
  - End: BottomWin

