---
source: tests/snapshot_tests.rs
expression: "(minions, recording)"
---
- ? idx: 1
    version: 1
  : Golden Cyborg Drake
  ? idx: 2
    version: 1
  : Drakkari Enchanter
  ? idx: 3
    version: 1
  : Golden Sewer Rat
  ? idx: 4
    version: 1
  : "Anub'arak, Nerubian King"
  ? idx: 5
    version: 1
  : Murozond
  ? idx: 6
    version: 1
  : Onyxian Whelp
  ? idx: 7
    version: 1
  : Golden Sun-Bacon Relaxer
  ? idx: 8
    version: 1
  : Golden Ripsnarl Captain
  ? idx: 9
    version: 1
  : Golden Microbot
  ? idx: 10
    version: 1
  : Golden Mistake
  ? idx: 11
    version: 1
  : Golden Sky Pirate
  ? idx: 12
    version: 1
  : Stasis Elemental
  ? idx: 13
    version: 1
  : "Prestor's Pyrospawn"
  ? idx: 14
    version: 1
  : Golden Peggy Brittlebone
- - AuraUpdate: ~
  - DeathCheck: ~
  - ProposeAttack:
      attacker:
        idx: 2
        version: 1
      defender:
        idx: 9
        version: 1
      is_outer_phase: true
  - AuraUpdate: ~
  - DeathCheck: ~
  - Attack:
      attacker:
        idx: 2
        version: 1
      defender:
        idx: 9
        version: 1
      is_outer_phase: true
  - TakeDamage:
      target:
        idx: 9
        version: 1
      amount: 1
      source:
        idx: 2
        version: 1
  - TakeDamage:
      target:
        idx: 2
        version: 1
      amount: 2
      source:
        idx: 9
        version: 1
  - AuraUpdate: ~
  - DeathCheck: ~
  - AfterAttack:
      attacker:
        idx: 2
        version: 1
      defender:
        idx: 9
        version: 1
      is_outer_phase: true
  - AuraUpdate: ~
  - DeathCheck: ~
  - ProposeAttack:
      attacker:
        idx: 1
        version: 1
      defender:
        idx: 6
        version: 1
      is_outer_phase: true
  - AuraUpdate: ~
  - DeathCheck: ~
  - Attack:
      attacker:
        idx: 1
        version: 1
      defender:
        idx: 6
        version: 1
      is_outer_phase: true
  - TakeDamage:
      target:
        idx: 6
        version: 1
      amount: 6
      source:
        idx: 1
        version: 1
  - AuraUpdate: ~
  - DeathCheck: ~
  - Death:
      minion:
        idx: 6
        version: 1
      source:
        idx: 4294967295
        version: 1
  - Remove:
      minion:
        idx: 6
        version: 1
  - AfterAttack:
      attacker:
        idx: 1
        version: 1
      defender:
        idx: 6
        version: 1
      is_outer_phase: true
  - AuraUpdate: ~
  - DeathCheck: ~
  - ProposeAttack:
      attacker:
        idx: 4
        version: 1
      defender:
        idx: 13
        version: 1
      is_outer_phase: true
  - AuraUpdate: ~
  - DeathCheck: ~
  - Attack:
      attacker:
        idx: 4
        version: 1
      defender:
        idx: 13
        version: 1
      is_outer_phase: true
  - TakeDamage:
      target:
        idx: 13
        version: 1
      amount: 4
      source:
        idx: 4
        version: 1
  - TakeDamage:
      target:
        idx: 4
        version: 1
      amount: 3
      source:
        idx: 13
        version: 1
  - AuraUpdate: ~
  - DeathCheck: ~
  - Death:
      minion:
        idx: 4
        version: 1
      source:
        idx: 4294967295
        version: 1
  - Remove:
      minion:
        idx: 4
        version: 1
  - AfterAttack:
      attacker:
        idx: 4
        version: 1
      defender:
        idx: 13
        version: 1
      is_outer_phase: true
  - AuraUpdate: ~
  - DeathCheck: ~
  - ProposeAttack:
      attacker:
        idx: 3
        version: 1
      defender:
        idx: 8
        version: 1
      is_outer_phase: true
  - AuraUpdate: ~
  - DeathCheck: ~
  - Attack:
      attacker:
        idx: 3
        version: 1
      defender:
        idx: 8
        version: 1
      is_outer_phase: true
  - TakeDamage:
      target:
        idx: 8
        version: 1
      amount: 6
      source:
        idx: 3
        version: 1
  - TakeDamage:
      target:
        idx: 3
        version: 1
      amount: 4
      source:
        idx: 8
        version: 1
  - AuraUpdate: ~
  - DeathCheck: ~
  - Death:
      minion:
        idx: 3
        version: 1
      source:
        idx: 4294967295
        version: 1
  - Remove:
      minion:
        idx: 3
        version: 1
  - AfterAttack:
      attacker:
        idx: 3
        version: 1
      defender:
        idx: 8
        version: 1
      is_outer_phase: true
  - AuraUpdate: ~
  - DeathCheck: ~
  - ProposeAttack:
      attacker:
        idx: 8
        version: 1
      defender:
        idx: 7
        version: 1
      is_outer_phase: true
  - AuraUpdate: ~
  - DeathCheck: ~
  - Attack:
      attacker:
        idx: 8
        version: 1
      defender:
        idx: 7
        version: 1
      is_outer_phase: true
  - TakeDamage:
      target:
        idx: 7
        version: 1
      amount: 4
      source:
        idx: 8
        version: 1
  - TakeDamage:
      target:
        idx: 8
        version: 1
      amount: 2
      source:
        idx: 7
        version: 1
  - AuraUpdate: ~
  - DeathCheck: ~
  - Death:
      minion:
        idx: 8
        version: 1
      source:
        idx: 4294967295
        version: 1
  - Remove:
      minion:
        idx: 8
        version: 1
  - Death:
      minion:
        idx: 7
        version: 1
      source:
        idx: 4294967295
        version: 1
  - Remove:
      minion:
        idx: 7
        version: 1
  - AfterAttack:
      attacker:
        idx: 8
        version: 1
      defender:
        idx: 7
        version: 1
      is_outer_phase: true
  - AuraUpdate: ~
  - DeathCheck: ~
  - ProposeAttack:
      attacker:
        idx: 5
        version: 1
      defender:
        idx: 12
        version: 1
      is_outer_phase: true
  - AuraUpdate: ~
  - DeathCheck: ~
  - Attack:
      attacker:
        idx: 5
        version: 1
      defender:
        idx: 12
        version: 1
      is_outer_phase: true
  - TakeDamage:
      target:
        idx: 12
        version: 1
      amount: 5
      source:
        idx: 5
        version: 1
  - TakeDamage:
      target:
        idx: 5
        version: 1
      amount: 4
      source:
        idx: 12
        version: 1
  - AuraUpdate: ~
  - DeathCheck: ~
  - Death:
      minion:
        idx: 12
        version: 1
      source:
        idx: 4294967295
        version: 1
  - Remove:
      minion:
        idx: 12
        version: 1
  - AfterAttack:
      attacker:
        idx: 5
        version: 1
      defender:
        idx: 12
        version: 1
      is_outer_phase: true
  - AuraUpdate: ~
  - DeathCheck: ~
  - ProposeAttack:
      attacker:
        idx: 10
        version: 1
      defender:
        idx: 5
        version: 1
      is_outer_phase: true
  - AuraUpdate: ~
  - DeathCheck: ~
  - Attack:
      attacker:
        idx: 10
        version: 1
      defender:
        idx: 5
        version: 1
      is_outer_phase: true
  - TakeDamage:
      target:
        idx: 5
        version: 1
      amount: 2
      source:
        idx: 10
        version: 1
  - TakeDamage:
      target:
        idx: 10
        version: 1
      amount: 5
      source:
        idx: 5
        version: 1
  - AuraUpdate: ~
  - DeathCheck: ~
  - Death:
      minion:
        idx: 5
        version: 1
      source:
        idx: 4294967295
        version: 1
  - Remove:
      minion:
        idx: 5
        version: 1
  - AfterAttack:
      attacker:
        idx: 10
        version: 1
      defender:
        idx: 5
        version: 1
      is_outer_phase: true
  - AuraUpdate: ~
  - DeathCheck: ~
  - ProposeAttack:
      attacker:
        idx: 9
        version: 1
      defender:
        idx: 2
        version: 1
      is_outer_phase: true
  - AuraUpdate: ~
  - DeathCheck: ~
  - Attack:
      attacker:
        idx: 9
        version: 1
      defender:
        idx: 2
        version: 1
      is_outer_phase: true
  - TakeDamage:
      target:
        idx: 2
        version: 1
      amount: 2
      source:
        idx: 9
        version: 1
  - TakeDamage:
      target:
        idx: 9
        version: 1
      amount: 1
      source:
        idx: 2
        version: 1
  - AuraUpdate: ~
  - DeathCheck: ~
  - Death:
      minion:
        idx: 9
        version: 1
      source:
        idx: 4294967295
        version: 1
  - Remove:
      minion:
        idx: 9
        version: 1
  - AfterAttack:
      attacker:
        idx: 9
        version: 1
      defender:
        idx: 2
        version: 1
      is_outer_phase: true
  - AuraUpdate: ~
  - DeathCheck: ~
  - ProposeAttack:
      attacker:
        idx: 14
        version: 1
      defender:
        idx: 11
        version: 1
      is_outer_phase: true
  - AuraUpdate: ~
  - DeathCheck: ~
  - Attack:
      attacker:
        idx: 14
        version: 1
      defender:
        idx: 11
        version: 1
      is_outer_phase: true
  - TakeDamage:
      target:
        idx: 11
        version: 1
      amount: 12
      source:
        idx: 14
        version: 1
  - TakeDamage:
      target:
        idx: 14
        version: 1
      amount: 2
      source:
        idx: 11
        version: 1
  - AuraUpdate: ~
  - DeathCheck: ~
  - Death:
      minion:
        idx: 11
        version: 1
      source:
        idx: 4294967295
        version: 1
  - Remove:
      minion:
        idx: 11
        version: 1
  - AfterAttack:
      attacker:
        idx: 14
        version: 1
      defender:
        idx: 11
        version: 1
      is_outer_phase: true
  - AuraUpdate: ~
  - DeathCheck: ~
  - ProposeAttack:
      attacker:
        idx: 13
        version: 1
      defender:
        idx: 14
        version: 1
      is_outer_phase: true
  - AuraUpdate: ~
  - DeathCheck: ~
  - Attack:
      attacker:
        idx: 13
        version: 1
      defender:
        idx: 14
        version: 1
      is_outer_phase: true
  - TakeDamage:
      target:
        idx: 14
        version: 1
      amount: 3
      source:
        idx: 13
        version: 1
  - TakeDamage:
      target:
        idx: 13
        version: 1
      amount: 12
      source:
        idx: 14
        version: 1
  - AuraUpdate: ~
  - DeathCheck: ~
  - Death:
      minion:
        idx: 13
        version: 1
      source:
        idx: 4294967295
        version: 1
  - Remove:
      minion:
        idx: 13
        version: 1
  - AfterAttack:
      attacker:
        idx: 13
        version: 1
      defender:
        idx: 14
        version: 1
      is_outer_phase: true
  - AuraUpdate: ~
  - DeathCheck: ~
  - ProposeAttack:
      attacker:
        idx: 2
        version: 1
      defender:
        idx: 1
        version: 1
      is_outer_phase: true
  - AuraUpdate: ~
  - DeathCheck: ~
  - Attack:
      attacker:
        idx: 2
        version: 1
      defender:
        idx: 1
        version: 1
      is_outer_phase: true
  - TakeDamage:
      target:
        idx: 1
        version: 1
      amount: 1
      source:
        idx: 2
        version: 1
  - TakeDamage:
      target:
        idx: 2
        version: 1
      amount: 6
      source:
        idx: 1
        version: 1
  - AuraUpdate: ~
  - DeathCheck: ~
  - Death:
      minion:
        idx: 2
        version: 1
      source:
        idx: 4294967295
        version: 1
  - Remove:
      minion:
        idx: 2
        version: 1
  - AfterAttack:
      attacker:
        idx: 2
        version: 1
      defender:
        idx: 1
        version: 1
      is_outer_phase: true
  - AuraUpdate: ~
  - DeathCheck: ~
  - ProposeAttack:
      attacker:
        idx: 1
        version: 1
      defender:
        idx: 14
        version: 1
      is_outer_phase: true
  - AuraUpdate: ~
  - DeathCheck: ~
  - Attack:
      attacker:
        idx: 1
        version: 1
      defender:
        idx: 14
        version: 1
      is_outer_phase: true
  - TakeDamage:
      target:
        idx: 14
        version: 1
      amount: 6
      source:
        idx: 1
        version: 1
  - TakeDamage:
      target:
        idx: 1
        version: 1
      amount: 12
      source:
        idx: 14
        version: 1
  - AuraUpdate: ~
  - DeathCheck: ~
  - Death:
      minion:
        idx: 14
        version: 1
      source:
        idx: 4294967295
        version: 1
  - Remove:
      minion:
        idx: 14
        version: 1
  - AfterAttack:
      attacker:
        idx: 1
        version: 1
      defender:
        idx: 14
        version: 1
      is_outer_phase: true
  - AuraUpdate: ~
  - DeathCheck: ~
  - ProposeAttack:
      attacker:
        idx: 10
        version: 1
      defender:
        idx: 1
        version: 1
      is_outer_phase: true
  - AuraUpdate: ~
  - DeathCheck: ~
  - Attack:
      attacker:
        idx: 10
        version: 1
      defender:
        idx: 1
        version: 1
      is_outer_phase: true
  - TakeDamage:
      target:
        idx: 1
        version: 1
      amount: 2
      source:
        idx: 10
        version: 1
  - TakeDamage:
      target:
        idx: 10
        version: 1
      amount: 6
      source:
        idx: 1
        version: 1
  - AuraUpdate: ~
  - DeathCheck: ~
  - Death:
      minion:
        idx: 10
        version: 1
      source:
        idx: 4294967295
        version: 1
  - Remove:
      minion:
        idx: 10
        version: 1
  - AfterAttack:
      attacker:
        idx: 10
        version: 1
      defender:
        idx: 1
        version: 1
      is_outer_phase: true
  - AuraUpdate: ~
  - DeathCheck: ~
  - End: BottomWin

